Mplus VERSION 9
MUTHEN & MUTHEN
09/20/2026   8:43 PM

INPUT INSTRUCTIONS

  Data:
  FILE IS AIAdoptionPartialDataforMPlus.csv;

  VARIABLE:
  NAMES ARE ResponseId	
  chat_ES_1 chat_ES_2	
  chat_ES_3 chat_ES_4	
  chat_ES_5 chat_ES_6	
  chat_ES_7 chat_ES_8	
  chat_PI_1 chat_PI_2	
  chat_PI_3 chat_PI_4	
  chat_PI_5 chat_PI_6	
  chat_PI_7 chat_PI_8	
  chat_CO_1 chat_CO_2	
  chat_CO_3 chat_CO_4	
  chat_CO_5 chat_CO_6	
  chat_CO_7 chat_CO_8	
  SME_ES_1 SME_ES_2	
  SME_ES_3 SME_ES_4	
  SME_ES_5 SME_ES_6	
  SME_ES_7 SME_PI_1	
  SME_PI_2 SME_PI_3	
  SME_PI_4 SME_PI_5	
  SME_PI_6 SME_PI_7	
  SME_CO_1 SME_CO_2	
  SME_CO_3 SME_CO_4	
  SME_CO_5 SME_CO_6	
  SME_CO_7 GENIE_EF_1	
  GENIE_EF_2 GENIE_EF_3	
  GENIE_EF_4 GENIE_EF_5	
  GENIE_EF_6 GENIE_EF_7	
  GENIE_PI_1 GENIE_PI_2	
  GENIE_PI_3 GENIE_PI_4	
  GENIE_PI_5 GENIE_PI_6	
  GENIE_PI_7 GENIE_CO_1	
  GENIE_CO_2 GENIE_CO_3	
  GENIE_CO_4 GENIE_CO_5	
  GENIE_CO_6 GENIE_CO_7 Age;


  USEVARIABLES ARE
  SME_ES_1 SME_ES_2	
  SME_ES_3 SME_ES_4	
  SME_ES_5 SME_ES_6	
  SME_ES_7 SME_PI_1	
  SME_PI_2 SME_PI_3	
  SME_PI_4 SME_PI_5	
  SME_PI_6 SME_PI_7	
  SME_CO_1 SME_CO_2	
  SME_CO_3 SME_CO_4	
  SME_CO_5 SME_CO_6	
  SME_CO_7;


  MISSING ARE ALL (-9);

     ANALYSIS:
      TYPE = EFA 1 3;
      ESTIMATOR = ML;
      ROTATION=QUARTIMIN;
      PARALLEL = 100;
      ITERATIONS = 5000;

      !Model:



      OUTPUT:
      SAMPSTAT;

      PLOT:
      type = plot2;



*** WARNING
  Data set contains cases with missing on all variables.
  These cases were not included in the analysis.
  Number of cases with missing on all variables:  2
   1 WARNING(S) FOUND IN THE INPUT INSTRUCTIONS




SUMMARY OF ANALYSIS

Number of groups                                                 1
Number of observations                                          94

Number of dependent variables                                   21
Number of independent variables                                  0
Number of continuous latent variables                            0

Observed dependent variables

  Continuous
   SME_ES_1    SME_ES_2    SME_ES_3    SME_ES_4    SME_ES_5    SME_ES_6
   SME_ES_7    SME_PI_1    SME_PI_2    SME_PI_3    SME_PI_4    SME_PI_5
   SME_PI_6    SME_PI_7    SME_CO_1    SME_CO_2    SME_CO_3    SME_CO_4
   SME_CO_5    SME_CO_6    SME_CO_7


Estimator                                                       ML
Rotation                                                 QUARTIMIN
Row standardization                                    CORRELATION
Type of rotation                                           OBLIQUE
Information matrix                                        OBSERVED
Maximum number of iterations                                  5000
Convergence criterion                                    0.500D-04
Maximum number of steepest descent iterations                   20
Maximum number of iterations for H1                           2000
Convergence criterion for H1                             0.100D-03
Optimization Specifications for the Exploratory Factor Analysis
Rotation Algorithm
  Number of random starts                                       30
  Maximum number of iterations                               10000
  Derivative convergence criterion                       0.100D-04

Input data file(s)
  AIAdoptionPartialDataforMPlus.csv

Input data format  FREE


SUMMARY OF DATA

     Number of missing data patterns             1


COVARIANCE COVERAGE OF DATA

Minimum covariance coverage value   0.100


     PROPORTION OF DATA PRESENT


           Covariance Coverage
              SME_ES_1      SME_ES_2      SME_ES_3      SME_ES_4      SME_ES_5
              ________      ________      ________      ________      ________
 SME_ES_1       1.000
 SME_ES_2       1.000         1.000
 SME_ES_3       1.000         1.000         1.000
 SME_ES_4       1.000         1.000         1.000         1.000
 SME_ES_5       1.000         1.000         1.000         1.000         1.000
 SME_ES_6       1.000         1.000         1.000         1.000         1.000
 SME_ES_7       1.000         1.000         1.000         1.000         1.000
 SME_PI_1       1.000         1.000         1.000         1.000         1.000
 SME_PI_2       1.000         1.000         1.000         1.000         1.000
 SME_PI_3       1.000         1.000         1.000         1.000         1.000
 SME_PI_4       1.000         1.000         1.000         1.000         1.000
 SME_PI_5       1.000         1.000         1.000         1.000         1.000
 SME_PI_6       1.000         1.000         1.000         1.000         1.000
 SME_PI_7       1.000         1.000         1.000         1.000         1.000
 SME_CO_1       1.000         1.000         1.000         1.000         1.000
 SME_CO_2       1.000         1.000         1.000         1.000         1.000
 SME_CO_3       1.000         1.000         1.000         1.000         1.000
 SME_CO_4       1.000         1.000         1.000         1.000         1.000
 SME_CO_5       1.000         1.000         1.000         1.000         1.000
 SME_CO_6       1.000         1.000         1.000         1.000         1.000
 SME_CO_7       1.000         1.000         1.000         1.000         1.000


           Covariance Coverage
              SME_ES_6      SME_ES_7      SME_PI_1      SME_PI_2      SME_PI_3
              ________      ________      ________      ________      ________
 SME_ES_6       1.000
 SME_ES_7       1.000         1.000
 SME_PI_1       1.000         1.000         1.000
 SME_PI_2       1.000         1.000         1.000         1.000
 SME_PI_3       1.000         1.000         1.000         1.000         1.000
 SME_PI_4       1.000         1.000         1.000         1.000         1.000
 SME_PI_5       1.000         1.000         1.000         1.000         1.000
 SME_PI_6       1.000         1.000         1.000         1.000         1.000
 SME_PI_7       1.000         1.000         1.000         1.000         1.000
 SME_CO_1       1.000         1.000         1.000         1.000         1.000
 SME_CO_2       1.000         1.000         1.000         1.000         1.000
 SME_CO_3       1.000         1.000         1.000         1.000         1.000
 SME_CO_4       1.000         1.000         1.000         1.000         1.000
 SME_CO_5       1.000         1.000         1.000         1.000         1.000
 SME_CO_6       1.000         1.000         1.000         1.000         1.000
 SME_CO_7       1.000         1.000         1.000         1.000         1.000


           Covariance Coverage
              SME_PI_4      SME_PI_5      SME_PI_6      SME_PI_7      SME_CO_1
              ________      ________      ________      ________      ________
 SME_PI_4       1.000
 SME_PI_5       1.000         1.000
 SME_PI_6       1.000         1.000         1.000
 SME_PI_7       1.000         1.000         1.000         1.000
 SME_CO_1       1.000         1.000         1.000         1.000         1.000
 SME_CO_2       1.000         1.000         1.000         1.000         1.000
 SME_CO_3       1.000         1.000         1.000         1.000         1.000
 SME_CO_4       1.000         1.000         1.000         1.000         1.000
 SME_CO_5       1.000         1.000         1.000         1.000         1.000
 SME_CO_6       1.000         1.000         1.000         1.000         1.000
 SME_CO_7       1.000         1.000         1.000         1.000         1.000


           Covariance Coverage
              SME_CO_2      SME_CO_3      SME_CO_4      SME_CO_5      SME_CO_6
              ________      ________      ________      ________      ________
 SME_CO_2       1.000
 SME_CO_3       1.000         1.000
 SME_CO_4       1.000         1.000         1.000
 SME_CO_5       1.000         1.000         1.000         1.000
 SME_CO_6       1.000         1.000         1.000         1.000         1.000
 SME_CO_7       1.000         1.000         1.000         1.000         1.000


           Covariance Coverage
              SME_CO_7
              ________
 SME_CO_7       1.000


SAMPLE STATISTICS


           Means
              SME_ES_1      SME_ES_2      SME_ES_3      SME_ES_4      SME_ES_5
              ________      ________      ________      ________      ________
                3.989         2.862         3.819         3.277         4.287


           Means
              SME_ES_6      SME_ES_7      SME_PI_1      SME_PI_2      SME_PI_3
              ________      ________      ________      ________      ________
                3.234         4.330         3.053         4.000         3.798


           Means
              SME_PI_4      SME_PI_5      SME_PI_6      SME_PI_7      SME_CO_1
              ________      ________      ________      ________      ________
                3.702         2.032         3.117         2.862         3.096


           Means
              SME_CO_2      SME_CO_3      SME_CO_4      SME_CO_5      SME_CO_6
              ________      ________      ________      ________      ________
                2.543         2.543         3.479         3.096         2.585


           Means
              SME_CO_7
              ________
                2.904


           Covariances
              SME_ES_1      SME_ES_2      SME_ES_3      SME_ES_4      SME_ES_5
              ________      ________      ________      ________      ________
 SME_ES_1       0.947
 SME_ES_2       0.488         1.502
 SME_ES_3      -0.183        -0.248         1.297
 SME_ES_4      -0.210         0.006         0.369         1.392
 SME_ES_5       0.035        -0.343         0.307        -0.069         1.290
 SME_ES_6       0.066         0.000         0.138         0.244         0.220
 SME_ES_7      -0.060        -0.359         0.219         0.100         0.288
 SME_PI_1       0.437         0.720        -0.427        -0.004        -0.451
 SME_PI_2       0.319         0.628        -0.362        -0.053        -0.383
 SME_PI_3       0.626         0.610        -0.271        -0.072        -0.112
 SME_PI_4       0.380         0.640        -0.447        -0.024        -0.404
 SME_PI_5       0.192         0.621        -0.260         0.087        -0.243
 SME_PI_6       0.395         0.857        -0.521         0.000        -0.363
 SME_PI_7       0.509         0.981        -0.504        -0.111        -0.471
 SME_CO_1       0.395         0.620        -0.621        -0.112        -0.400
 SME_CO_2       0.357         0.564        -0.136        -0.033        -0.018
 SME_CO_3       0.378         0.575        -0.306         0.212        -0.049
 SME_CO_4       0.239         0.396        -0.062         0.272        -0.180
 SME_CO_5       0.522         0.800        -0.472         0.016        -0.421
 SME_CO_6       0.389         0.783        -0.384         0.040        -0.423
 SME_CO_7       0.425         0.742        -0.379         0.069        -0.260


           Covariances
              SME_ES_6      SME_ES_7      SME_PI_1      SME_PI_2      SME_PI_3
              ________      ________      ________      ________      ________
 SME_ES_6       1.243
 SME_ES_7       0.114         0.561
 SME_PI_1       0.062        -0.358         1.838
 SME_PI_2       0.096        -0.309         0.883         1.234
 SME_PI_3       0.207        -0.231         0.670         0.691         1.097
 SME_PI_4      -0.069        -0.338         0.835         0.809         0.546
 SME_PI_5      -0.061        -0.308         0.658         0.521         0.475
 SME_PI_6      -0.070        -0.496         0.877         0.777         0.683
 SME_PI_7      -0.148        -0.497         1.284         0.979         0.770
 SME_CO_1      -0.171        -0.308         0.952         0.798         0.551
 SME_CO_2      -0.031        -0.158         0.514         0.351         0.429
 SME_CO_3       0.096        -0.136         0.407         0.330         0.461
 SME_CO_4       0.122        -0.115         0.506         0.436         0.416
 SME_CO_5      -0.086        -0.436         0.931         0.787         0.668
 SME_CO_6      -0.126        -0.310         0.958         0.766         0.597
 SME_CO_7      -0.073        -0.213         0.877         0.723         0.587


           Covariances
              SME_PI_4      SME_PI_5      SME_PI_6      SME_PI_7      SME_CO_1
              ________      ________      ________      ________      ________
 SME_PI_4       1.422
 SME_PI_5       0.669         1.329
 SME_PI_6       1.014         0.847         1.571
 SME_PI_7       1.044         0.941         1.250         1.949
 SME_CO_1       0.997         0.752         0.872         1.024         1.406
 SME_CO_2       0.428         0.504         0.500         0.501         0.523
 SME_CO_3       0.396         0.600         0.458         0.681         0.416
 SME_CO_4       0.483         0.495         0.455         0.619         0.550
 SME_CO_5       0.901         0.784         1.010         1.013         0.948
 SME_CO_6       0.919         1.045         0.995         1.251         0.891
 SME_CO_7       0.737         0.843         0.788         0.987         0.764


           Covariances
              SME_CO_2      SME_CO_3      SME_CO_4      SME_CO_5      SME_CO_6
              ________      ________      ________      ________      ________
 SME_CO_2       1.333
 SME_CO_3       0.504         1.610
 SME_CO_4       0.410         0.708         1.186
 SME_CO_5       0.480         0.650         0.635         1.831
 SME_CO_6       0.608         0.587         0.475         0.933         1.541
 SME_CO_7       0.509         0.648         0.439         0.967         1.120


           Covariances
              SME_CO_7
              ________
 SME_CO_7       1.661


           Correlations
              SME_ES_1      SME_ES_2      SME_ES_3      SME_ES_4      SME_ES_5
              ________      ________      ________      ________      ________
 SME_ES_1       1.000
 SME_ES_2       0.409         1.000
 SME_ES_3      -0.165        -0.178         1.000
 SME_ES_4      -0.183         0.004         0.275         1.000
 SME_ES_5       0.032        -0.247         0.238        -0.051         1.000
 SME_ES_6       0.061         0.000         0.109         0.185         0.174
 SME_ES_7      -0.083        -0.391         0.257         0.113         0.339
 SME_PI_1       0.331         0.433        -0.276        -0.003        -0.293
 SME_PI_2       0.295         0.461        -0.286        -0.041        -0.304
 SME_PI_3       0.614         0.475        -0.227        -0.058        -0.094
 SME_PI_4       0.327         0.438        -0.330        -0.017        -0.298
 SME_PI_5       0.171         0.440        -0.198         0.064        -0.186
 SME_PI_6       0.324         0.558        -0.365         0.000        -0.255
 SME_PI_7       0.375         0.573        -0.317        -0.067        -0.297
 SME_CO_1       0.342         0.426        -0.460        -0.080        -0.297
 SME_CO_2       0.318         0.399        -0.103        -0.024        -0.013
 SME_CO_3       0.306         0.370        -0.212         0.141        -0.034
 SME_CO_4       0.226         0.297        -0.050         0.212        -0.146
 SME_CO_5       0.397         0.483        -0.306         0.010        -0.274
 SME_CO_6       0.322         0.515        -0.271         0.028        -0.300
 SME_CO_7       0.339         0.470        -0.258         0.045        -0.177


           Correlations
              SME_ES_6      SME_ES_7      SME_PI_1      SME_PI_2      SME_PI_3
              ________      ________      ________      ________      ________
 SME_ES_6       1.000
 SME_ES_7       0.137         1.000
 SME_PI_1       0.041        -0.352         1.000
 SME_PI_2       0.077        -0.371         0.586         1.000
 SME_PI_3       0.177        -0.295         0.472         0.594         1.000
 SME_PI_4      -0.052        -0.378         0.517         0.610         0.437
 SME_PI_5      -0.047        -0.357         0.421         0.407         0.393
 SME_PI_6      -0.050        -0.528         0.516         0.558         0.520
 SME_PI_7      -0.095        -0.475         0.678         0.631         0.526
 SME_CO_1      -0.130        -0.347         0.593         0.606         0.444
 SME_CO_2      -0.024        -0.182         0.328         0.274         0.354
 SME_CO_3       0.068        -0.143         0.237         0.234         0.347
 SME_CO_4       0.100        -0.141         0.343         0.361         0.365
 SME_CO_5      -0.057        -0.430         0.508         0.524         0.471
 SME_CO_6      -0.091        -0.333         0.570         0.556         0.459
 SME_CO_7      -0.051        -0.221         0.502         0.505         0.435


           Correlations
              SME_PI_4      SME_PI_5      SME_PI_6      SME_PI_7      SME_CO_1
              ________      ________      ________      ________      ________
 SME_PI_4       1.000
 SME_PI_5       0.487         1.000
 SME_PI_6       0.678         0.586         1.000
 SME_PI_7       0.627         0.584         0.714         1.000
 SME_CO_1       0.705         0.550         0.587         0.619         1.000
 SME_CO_2       0.311         0.379         0.346         0.311         0.382
 SME_CO_3       0.262         0.410         0.288         0.385         0.277
 SME_CO_4       0.372         0.395         0.333         0.407         0.426
 SME_CO_5       0.558         0.503         0.595         0.536         0.591
 SME_CO_6       0.621         0.730         0.640         0.722         0.605
 SME_CO_7       0.480         0.568         0.488         0.548         0.500


           Correlations
              SME_CO_2      SME_CO_3      SME_CO_4      SME_CO_5      SME_CO_6
              ________      ________      ________      ________      ________
 SME_CO_2       1.000
 SME_CO_3       0.344         1.000
 SME_CO_4       0.326         0.513         1.000
 SME_CO_5       0.307         0.379         0.431         1.000
 SME_CO_6       0.424         0.373         0.352         0.556         1.000
 SME_CO_7       0.342         0.396         0.313         0.554         0.700


           Correlations
              SME_CO_7
              ________
 SME_CO_7       1.000


UNIVARIATE SAMPLE STATISTICS


     UNIVARIATE HIGHER-ORDER MOMENT DESCRIPTIVE STATISTICS

         Variable/         Mean/     Skewness/   Minimum/ % with                Percentiles
        Sample Size      Variance    Kurtosis    Maximum  Min/Max      20%/60%    40%/80%    Median

     SME_ES_1              3.989      -1.157       1.000    3.19%       3.000      4.000      4.000
              94.000       0.947       1.281       5.000   31.91%       4.000      5.000
     SME_ES_2              2.862      -0.082       1.000   19.15%       2.000      3.000      3.000
              94.000       1.502      -0.968       5.000    8.51%       3.000      4.000
     SME_ES_3              3.819      -0.765       1.000    3.19%       3.000      4.000      4.000
              94.000       1.297      -0.420       5.000   32.98%       4.000      5.000
     SME_ES_4              3.277      -0.237       1.000    6.38%       2.000      3.000      4.000
              94.000       1.392      -1.034       5.000   14.89%       4.000      4.000
     SME_ES_5              4.287      -1.363       1.000    1.06%       4.000      5.000      5.000
              94.000       1.290       0.351       5.000   64.89%       5.000      5.000
     SME_ES_6              3.234      -0.332       1.000    7.45%       2.000      3.000      3.000
              94.000       1.243      -0.743       5.000   10.64%       4.000      4.000
     SME_ES_7              4.330      -0.925       2.000    2.13%       4.000      4.000      4.000
              94.000       0.561       0.365       5.000   47.87%       5.000      5.000
     SME_PI_1              3.053      -0.199       1.000   19.15%       2.000      3.000      3.000
              94.000       1.838      -1.223       5.000   14.89%       4.000      4.000
     SME_PI_2              4.000      -1.350       1.000    6.38%       4.000      4.000      4.000
              94.000       1.234       1.247       5.000   37.23%       4.000      5.000
     SME_PI_3              3.798      -0.867       1.000    4.26%       3.000      4.000      4.000
              94.000       1.097       0.337       5.000   26.60%       4.000      5.000
     SME_PI_4              3.702      -0.917       1.000    8.51%       3.000      4.000      4.000
              94.000       1.422      -0.011       5.000   26.60%       4.000      5.000
     SME_PI_5              2.032       0.771       1.000   44.68%       1.000      1.000      2.000
              94.000       1.329      -0.746       5.000    1.06%       2.000      3.000
     SME_PI_6              3.117      -0.351       1.000   15.96%       2.000      3.000      3.000
              94.000       1.571      -0.935       5.000   11.70%       4.000      4.000
     SME_PI_7              2.862       0.013       1.000   24.47%       1.000      2.000      3.000
              94.000       1.949      -1.326       5.000   13.83%       3.000      4.000
     SME_CO_1              3.096      -0.339       1.000   12.77%       2.000      3.000      3.000
              94.000       1.406      -0.922       5.000    8.51%       4.000      4.000
     SME_CO_2              2.543      -0.083       1.000   27.66%       1.000      2.000      3.000
              94.000       1.333      -1.291       5.000    1.06%       3.000      4.000
     SME_CO_3              2.543       0.186       1.000   28.72%       1.000      2.000      2.000
              94.000       1.610      -1.300       5.000    4.26%       3.000      4.000
     SME_CO_4              3.479      -0.736       1.000    8.51%       3.000      3.000      4.000
              94.000       1.186       0.102       5.000   14.89%       4.000      4.000
     SME_CO_5              3.096      -0.251       1.000   19.15%       2.000      3.000      3.000
              94.000       1.831      -1.154       5.000   15.96%       4.000      4.000
     SME_CO_6              2.585       0.156       1.000   25.53%       1.000      2.000      2.000
              94.000       1.541      -1.247       5.000    4.26%       3.000      4.000
     SME_CO_7              2.904       0.000       1.000   17.02%       2.000      2.000      3.000
              94.000       1.661      -1.225       5.000   10.64%       3.000      4.000


SUMMARY OF MODEL FIT INFORMATION


                   Number of                   Degrees of
     Model        Parameters      Chi-Square    Freedom     P-Value

     1-factor          63            292.297       189       0.0000
     2-factor          83            239.674       169       0.0003
     3-factor         102            183.165       150       0.0338

                                               Degrees of
     Models Compared              Chi-Square    Freedom     P-Value

     1-factor against 2-factor        52.623        20       0.0001
     2-factor against 3-factor        56.509        19       0.0000



RESULTS FOR EXPLORATORY FACTOR ANALYSIS


           EIGENVALUES FOR SAMPLE CORRELATION MATRIX
                  1             2             3             4             5
              ________      ________      ________      ________      ________
                8.502         1.764         1.407         1.115         0.912


           EIGENVALUES FOR SAMPLE CORRELATION MATRIX
                  6             7             8             9            10
              ________      ________      ________      ________      ________
                0.869         0.779         0.726         0.664         0.594


           EIGENVALUES FOR SAMPLE CORRELATION MATRIX
                 11            12            13            14            15
              ________      ________      ________      ________      ________
                0.515         0.508         0.456         0.448         0.374


           EIGENVALUES FOR SAMPLE CORRELATION MATRIX
                 16            17            18            19            20
              ________      ________      ________      ________      ________
                0.320         0.295         0.232         0.197         0.175


           EIGENVALUES FOR SAMPLE CORRELATION MATRIX
                 21
              ________
                0.149


           AVERAGE EIGENVALUES FROM PARALLEL ANALYSIS
                  1             2             3             4             5
              ________      ________      ________      ________      ________
                1.951         1.778         1.636         1.522         1.421


           AVERAGE EIGENVALUES FROM PARALLEL ANALYSIS
                  6             7             8             9            10
              ________      ________      ________      ________      ________
                1.325         1.240         1.160         1.085         1.007


           AVERAGE EIGENVALUES FROM PARALLEL ANALYSIS
                 11            12            13            14            15
              ________      ________      ________      ________      ________
                0.931         0.863         0.800         0.741         0.680


           AVERAGE EIGENVALUES FROM PARALLEL ANALYSIS
                 16            17            18            19            20
              ________      ________      ________      ________      ________
                0.621         0.561         0.508         0.453         0.393


           AVERAGE EIGENVALUES FROM PARALLEL ANALYSIS
                 21
              ________
                0.326


           95 PERCENTILE EIGENVALUES FROM PARALLEL ANALYSIS
                  1             2             3             4             5
              ________      ________      ________      ________      ________
                2.121         1.881         1.737         1.603         1.488


           95 PERCENTILE EIGENVALUES FROM PARALLEL ANALYSIS
                  6             7             8             9            10
              ________      ________      ________      ________      ________
                1.400         1.310         1.218         1.140         1.064


           95 PERCENTILE EIGENVALUES FROM PARALLEL ANALYSIS
                 11            12            13            14            15
              ________      ________      ________      ________      ________
                1.004         0.915         0.864         0.792         0.732


           95 PERCENTILE EIGENVALUES FROM PARALLEL ANALYSIS
                 16            17            18            19            20
              ________      ________      ________      ________      ________
                0.673         0.614         0.562         0.509         0.436


           95 PERCENTILE EIGENVALUES FROM PARALLEL ANALYSIS
                 21
              ________
                0.382


EXPLORATORY FACTOR ANALYSIS WITH 1 FACTOR(S):


MODEL FIT INFORMATION

Number of Free Parameters                       63

Loglikelihood

          H0 Value                       -2699.997
          H1 Value                       -2553.849

Information Criteria

          Akaike (AIC)                    5525.994
          Bayesian (BIC)                  5686.222
          Sample-Size Adjusted BIC        5487.331
            (n* = (n + 2) / 24)

Chi-Square Test of Model Fit

          Value                            292.297
          Degrees of Freedom                   189
          P-Value                           0.0000

RMSEA (Root Mean Square Error Of Approximation)

          Estimate                           0.076
          90 Percent C.I.                    0.059  0.093
          Probability RMSEA <= .05           0.009

CFI/TLI

          CFI                                0.882
          TLI                                0.869

Chi-Square Test of Model Fit for the Baseline Model

          Value                           1088.746
          Degrees of Freedom                   210
          P-Value                           0.0000

SRMR (Standardized Root Mean Square Residual)

          Value                              0.078



MINIMUM ROTATION FUNCTION VALUE       0.00000



           QUARTIMIN ROTATED LOADINGS (* significant at 5% level)
                  1
              ________
 SME_ES_1       0.454*
 SME_ES_2       0.652*
 SME_ES_3      -0.395*
 SME_ES_4      -0.021
 SME_ES_5      -0.341*
 SME_ES_6      -0.051
 SME_ES_7      -0.501*
 SME_PI_1       0.714*
 SME_PI_2       0.730*
 SME_PI_3       0.641*
 SME_PI_4       0.765*
 SME_PI_5       0.705*
 SME_PI_6       0.800*
 SME_PI_7       0.844*
 SME_CO_1       0.774*
 SME_CO_2       0.462*
 SME_CO_3       0.450*
 SME_CO_4       0.493*
 SME_CO_5       0.724*
 SME_CO_6       0.822*
 SME_CO_7       0.697*


           QUARTIMIN FACTOR CORRELATIONS (* significant at 5% level)
                  1
              ________
      1         1.000


           ESTIMATED RESIDUAL VARIANCES
              SME_ES_1      SME_ES_2      SME_ES_3      SME_ES_4      SME_ES_5
              ________      ________      ________      ________      ________
                0.793         0.575         0.844         1.000         0.884


           ESTIMATED RESIDUAL VARIANCES
              SME_ES_6      SME_ES_7      SME_PI_1      SME_PI_2      SME_PI_3
              ________      ________      ________      ________      ________
                0.997         0.749         0.491         0.466         0.589


           ESTIMATED RESIDUAL VARIANCES
              SME_PI_4      SME_PI_5      SME_PI_6      SME_PI_7      SME_CO_1
              ________      ________      ________      ________      ________
                0.415         0.503         0.360         0.288         0.402


           ESTIMATED RESIDUAL VARIANCES
              SME_CO_2      SME_CO_3      SME_CO_4      SME_CO_5      SME_CO_6
              ________      ________      ________      ________      ________
                0.786         0.797         0.757         0.475         0.325


           ESTIMATED RESIDUAL VARIANCES
              SME_CO_7
              ________
                0.514


           S.E. QUARTIMIN ROTATED LOADINGS
                  1
              ________
 SME_ES_1       0.085
 SME_ES_2       0.062
 SME_ES_3       0.090
 SME_ES_4       0.106
 SME_ES_5       0.094
 SME_ES_6       0.106
 SME_ES_7       0.080
 SME_PI_1       0.054
 SME_PI_2       0.051
 SME_PI_3       0.064
 SME_PI_4       0.046
 SME_PI_5       0.055
 SME_PI_6       0.041
 SME_PI_7       0.033
 SME_CO_1       0.045
 SME_CO_2       0.084
 SME_CO_3       0.085
 SME_CO_4       0.081
 SME_CO_5       0.052
 SME_CO_6       0.037
 SME_CO_7       0.056


           S.E. QUARTIMIN FACTOR CORRELATIONS
                  1
              ________
      1         0.000


           S.E. ESTIMATED RESIDUAL VARIANCES
              SME_ES_1      SME_ES_2      SME_ES_3      SME_ES_4      SME_ES_5
              ________      ________      ________      ________      ________
                0.077         0.081         0.071         0.004         0.064


           S.E. ESTIMATED RESIDUAL VARIANCES
              SME_ES_6      SME_ES_7      SME_PI_1      SME_PI_2      SME_PI_3
              ________      ________      ________      ________      ________
                0.011         0.081         0.077         0.075         0.082


           S.E. ESTIMATED RESIDUAL VARIANCES
              SME_PI_4      SME_PI_5      SME_PI_6      SME_PI_7      SME_CO_1
              ________      ________      ________      ________      ________
                0.071         0.078         0.065         0.056         0.069


           S.E. ESTIMATED RESIDUAL VARIANCES
              SME_CO_2      SME_CO_3      SME_CO_4      SME_CO_5      SME_CO_6
              ________      ________      ________      ________      ________
                0.078         0.077         0.080         0.076         0.061


           S.E. ESTIMATED RESIDUAL VARIANCES
              SME_CO_7
              ________
                0.079


           Est./S.E. QUARTIMIN ROTATED LOADINGS
                  1
              ________
 SME_ES_1       5.345
 SME_ES_2      10.428
 SME_ES_3      -4.381
 SME_ES_4      -0.196
 SME_ES_5      -3.621
 SME_ES_6      -0.484
 SME_ES_7      -6.231
 SME_PI_1      13.246
 SME_PI_2      14.202
 SME_PI_3      10.000
 SME_PI_4      16.564
 SME_PI_5      12.747
 SME_PI_6      19.723
 SME_PI_7      25.311
 SME_CO_1      17.231
 SME_CO_2       5.491
 SME_CO_3       5.275
 SME_CO_4       6.068
 SME_CO_5      13.851
 SME_CO_6      22.077
 SME_CO_7      12.348


           Est./S.E. QUARTIMIN FACTOR CORRELATIONS
                  1
              ________
      1         0.000


           Est./S.E. ESTIMATED RESIDUAL VARIANCES
              SME_ES_1      SME_ES_2      SME_ES_3      SME_ES_4      SME_ES_5
              ________      ________      ________      ________      ________
               10.268         7.064        11.859       226.070        13.766


           Est./S.E. ESTIMATED RESIDUAL VARIANCES
              SME_ES_6      SME_ES_7      SME_PI_1      SME_PI_2      SME_PI_3
              ________      ________      ________      ________      ________
               91.898         9.295         6.382         6.209         7.179


           Est./S.E. ESTIMATED RESIDUAL VARIANCES
              SME_PI_4      SME_PI_5      SME_PI_6      SME_PI_7      SME_CO_1
              ________      ________      ________      ________      ________
                5.870         6.444         5.541         5.111         5.782


           Est./S.E. ESTIMATED RESIDUAL VARIANCES
              SME_CO_2      SME_CO_3      SME_CO_4      SME_CO_5      SME_CO_6
              ________      ________      ________      ________      ________
               10.105        10.367         9.465         6.272         5.310


           Est./S.E. ESTIMATED RESIDUAL VARIANCES
              SME_CO_7
              ________
                6.540


EXPLORATORY FACTOR ANALYSIS WITH 2 FACTOR(S):


MODEL FIT INFORMATION

Number of Free Parameters                       83

Loglikelihood

          H0 Value                       -2673.686
          H1 Value                       -2553.849

Information Criteria

          Akaike (AIC)                    5513.372
          Bayesian (BIC)                  5724.465
          Sample-Size Adjusted BIC        5462.434
            (n* = (n + 2) / 24)

Chi-Square Test of Model Fit

          Value                            239.674
          Degrees of Freedom                   169
          P-Value                           0.0003

RMSEA (Root Mean Square Error Of Approximation)

          Estimate                           0.067
          90 Percent C.I.                    0.046  0.085
          Probability RMSEA <= .05           0.087

CFI/TLI

          CFI                                0.920
          TLI                                0.900

Chi-Square Test of Model Fit for the Baseline Model

          Value                           1088.746
          Degrees of Freedom                   210
          P-Value                           0.0000

SRMR (Standardized Root Mean Square Residual)

          Value                              0.061



MINIMUM ROTATION FUNCTION VALUE       0.10675



           QUARTIMIN ROTATED LOADINGS (* significant at 5% level)
                  1             2
              ________      ________
 SME_ES_1       0.320         0.311
 SME_ES_2       0.572*        0.187
 SME_ES_3      -0.500*        0.226
 SME_ES_4      -0.143         0.276
 SME_ES_5      -0.476*        0.298*
 SME_ES_6      -0.186         0.303*
 SME_ES_7      -0.619*        0.253
 SME_PI_1       0.711*        0.009
 SME_PI_2       0.741*       -0.016
 SME_PI_3       0.519*        0.285
 SME_PI_4       0.813*       -0.094
 SME_PI_5       0.619*        0.202
 SME_PI_6       0.830*       -0.055
 SME_PI_7       0.842*        0.011
 SME_CO_1       0.807*       -0.063
 SME_CO_2       0.319         0.332*
 SME_CO_3       0.218         0.546*
 SME_CO_4       0.316         0.416*
 SME_CO_5       0.678*        0.115
 SME_CO_6       0.763*        0.136
 SME_CO_7       0.587*        0.253


           QUARTIMIN FACTOR CORRELATIONS (* significant at 5% level)
                  1             2
              ________      ________
      1         1.000
      2         0.353         1.000


           ESTIMATED RESIDUAL VARIANCES
              SME_ES_1      SME_ES_2      SME_ES_3      SME_ES_4      SME_ES_5
              ________      ________      ________      ________      ________
                0.731         0.562         0.779         0.931         0.785


           ESTIMATED RESIDUAL VARIANCES
              SME_ES_6      SME_ES_7      SME_PI_1      SME_PI_2      SME_PI_3
              ________      ________      ________      ________      ________
                0.913         0.664         0.490         0.460         0.545


           ESTIMATED RESIDUAL VARIANCES
              SME_PI_4      SME_PI_5      SME_PI_6      SME_PI_7      SME_CO_1
              ________      ________      ________      ________      ________
                0.385         0.488         0.340         0.283         0.381


           ESTIMATED RESIDUAL VARIANCES
              SME_CO_2      SME_CO_3      SME_CO_4      SME_CO_5      SME_CO_6
              ________      ________      ________      ________      ________
                0.713         0.570         0.634         0.472         0.326


           ESTIMATED RESIDUAL VARIANCES
              SME_CO_7
              ________
                0.487


           S.E. QUARTIMIN ROTATED LOADINGS
                  1             2
              ________      ________
 SME_ES_1       0.190         0.198
 SME_ES_2       0.137         0.146
 SME_ES_3       0.115         0.139
 SME_ES_4       0.162         0.167
 SME_ES_5       0.132         0.138
 SME_ES_6       0.153         0.149
 SME_ES_7       0.108         0.131
 SME_PI_1       0.071         0.109
 SME_PI_2       0.067         0.112
 SME_PI_3       0.175         0.182
 SME_PI_4       0.057         0.095
 SME_PI_5       0.144         0.169
 SME_PI_6       0.051         0.101
 SME_PI_7       0.055         0.104
 SME_CO_1       0.056         0.108
 SME_CO_2       0.199         0.160
 SME_CO_3       0.291         0.210
 SME_CO_4       0.237         0.187
 SME_CO_5       0.105         0.133
 SME_CO_6       0.102         0.134
 SME_CO_7       0.158         0.149


           S.E. QUARTIMIN FACTOR CORRELATIONS
                  1             2
              ________      ________
      1         0.000
      2         0.294         0.000


           S.E. ESTIMATED RESIDUAL VARIANCES
              SME_ES_1      SME_ES_2      SME_ES_3      SME_ES_4      SME_ES_5
              ________      ________      ________      ________      ________
                0.112         0.082         0.091         0.082         0.099


           S.E. ESTIMATED RESIDUAL VARIANCES
              SME_ES_6      SME_ES_7      SME_PI_1      SME_PI_2      SME_PI_3
              ________      ________      ________      ________      ________
                0.085         0.097         0.077         0.076         0.099


           S.E. ESTIMATED RESIDUAL VARIANCES
              SME_PI_4      SME_PI_5      SME_PI_6      SME_PI_7      SME_CO_1
              ________      ________      ________      ________      ________
                0.071         0.082         0.065         0.056         0.070


           S.E. ESTIMATED RESIDUAL VARIANCES
              SME_CO_2      SME_CO_3      SME_CO_4      SME_CO_5      SME_CO_6
              ________      ________      ________      ________      ________
                0.091         0.128         0.107         0.075         0.062


           S.E. ESTIMATED RESIDUAL VARIANCES
              SME_CO_7
              ________
                0.081


           Est./S.E. QUARTIMIN ROTATED LOADINGS
                  1             2
              ________      ________
 SME_ES_1       1.683         1.571
 SME_ES_2       4.168         1.279
 SME_ES_3      -4.359         1.628
 SME_ES_4      -0.881         1.651
 SME_ES_5      -3.594         2.163
 SME_ES_6      -1.219         2.034
 SME_ES_7      -5.711         1.932
 SME_PI_1      10.071         0.083
 SME_PI_2      11.012        -0.144
 SME_PI_3       2.974         1.567
 SME_PI_4      14.203        -0.982
 SME_PI_5       4.283         1.194
 SME_PI_6      16.421        -0.550
 SME_PI_7      15.282         0.110
 SME_CO_1      14.306        -0.580
 SME_CO_2       1.608         2.082
 SME_CO_3       0.751         2.606
 SME_CO_4       1.333         2.225
 SME_CO_5       6.456         0.862
 SME_CO_6       7.452         1.015
 SME_CO_7       3.726         1.694


           Est./S.E. QUARTIMIN FACTOR CORRELATIONS
                  1             2
              ________      ________
      1         0.000
      2         1.200         0.000


           Est./S.E. ESTIMATED RESIDUAL VARIANCES
              SME_ES_1      SME_ES_2      SME_ES_3      SME_ES_4      SME_ES_5
              ________      ________      ________      ________      ________
                6.542         6.825         8.589        11.416         7.932


           Est./S.E. ESTIMATED RESIDUAL VARIANCES
              SME_ES_6      SME_ES_7      SME_PI_1      SME_PI_2      SME_PI_3
              ________      ________      ________      ________      ________
               10.708         6.826         6.344         6.072         5.500


           Est./S.E. ESTIMATED RESIDUAL VARIANCES
              SME_PI_4      SME_PI_5      SME_PI_6      SME_PI_7      SME_CO_1
              ________      ________      ________      ________      ________
                5.416         5.949         5.241         5.033         5.400


           Est./S.E. ESTIMATED RESIDUAL VARIANCES
              SME_CO_2      SME_CO_3      SME_CO_4      SME_CO_5      SME_CO_6
              ________      ________      ________      ________      ________
                7.826         4.446         5.931         6.260         5.260


           Est./S.E. ESTIMATED RESIDUAL VARIANCES
              SME_CO_7
              ________
                5.988


           FACTOR STRUCTURE
                  1             2
              ________      ________
 SME_ES_1       0.430         0.424
 SME_ES_2       0.638         0.389
 SME_ES_3      -0.421         0.049
 SME_ES_4      -0.046         0.225
 SME_ES_5      -0.371         0.130
 SME_ES_6      -0.079         0.237
 SME_ES_7      -0.529         0.035
 SME_PI_1       0.714         0.260
 SME_PI_2       0.735         0.245
 SME_PI_3       0.620         0.468
 SME_PI_4       0.780         0.193
 SME_PI_5       0.690         0.420
 SME_PI_6       0.810         0.238
 SME_PI_7       0.846         0.309
 SME_CO_1       0.785         0.222
 SME_CO_2       0.437         0.445
 SME_CO_3       0.411         0.624
 SME_CO_4       0.463         0.528
 SME_CO_5       0.719         0.354
 SME_CO_6       0.811         0.405
 SME_CO_7       0.676         0.460


EXPLORATORY FACTOR ANALYSIS WITH 3 FACTOR(S):


MODEL FIT INFORMATION

Number of Free Parameters                      102

Loglikelihood

          H0 Value                       -2645.431
          H1 Value                       -2553.849

Information Criteria

          Akaike (AIC)                    5494.862
          Bayesian (BIC)                  5754.278
          Sample-Size Adjusted BIC        5432.264
            (n* = (n + 2) / 24)

Chi-Square Test of Model Fit

          Value                            183.165
          Degrees of Freedom                   150
          P-Value                           0.0338

RMSEA (Root Mean Square Error Of Approximation)

          Estimate                           0.048
          90 Percent C.I.                    0.015  0.071
          Probability RMSEA <= .05           0.525

CFI/TLI

          CFI                                0.962
          TLI                                0.947

Chi-Square Test of Model Fit for the Baseline Model

          Value                           1088.746
          Degrees of Freedom                   210
          P-Value                           0.0000

SRMR (Standardized Root Mean Square Residual)

          Value                              0.050



MINIMUM ROTATION FUNCTION VALUE       0.18086



           QUARTIMIN ROTATED LOADINGS (* significant at 5% level)
                  1             2             3
              ________      ________      ________
 SME_ES_1       0.025         0.740*       -0.043
 SME_ES_2       0.261         0.282*        0.265
 SME_ES_3      -0.559*       -0.018         0.149
 SME_ES_4      -0.320*       -0.103         0.388*
 SME_ES_5      -0.574*        0.237         0.036
 SME_ES_6      -0.295         0.351*       -0.008
 SME_ES_7      -0.630*        0.059         0.045
 SME_PI_1       0.521*        0.187         0.129
 SME_PI_2       0.597*        0.273         0.012
 SME_PI_3       0.182         0.724*        0.030
 SME_PI_4       0.656*        0.073         0.136
 SME_PI_5       0.116        -0.101         0.790*
 SME_PI_6       0.595*        0.103         0.219
 SME_PI_7       0.564*        0.129         0.282
 SME_CO_1       0.629*        0.082         0.168
 SME_CO_2      -0.047         0.251         0.402*
 SME_CO_3      -0.226         0.281*        0.553*
 SME_CO_4      -0.019         0.234         0.411*
 SME_CO_5       0.407*        0.201         0.255
 SME_CO_6       0.297        -0.022         0.672*
 SME_CO_7       0.133         0.121         0.584*


           QUARTIMIN FACTOR CORRELATIONS (* significant at 5% level)
                  1             2             3
              ________      ________      ________
      1         1.000
      2         0.441*        1.000
      3         0.635*        0.458*        1.000


           ESTIMATED RESIDUAL VARIANCES
              SME_ES_1      SME_ES_2      SME_ES_3      SME_ES_4      SME_ES_5
              ________      ________      ________      ________      ________
                0.463         0.560         0.764         0.902         0.751


           ESTIMATED RESIDUAL VARIANCES
              SME_ES_6      SME_ES_7      SME_PI_1      SME_PI_2      SME_PI_3
              ________      ________      ________      ________      ________
                0.881         0.663         0.482         0.414         0.299


           ESTIMATED RESIDUAL VARIANCES
              SME_PI_4      SME_PI_5      SME_PI_6      SME_PI_7      SME_CO_1
              ________      ________      ________      ________      ________
                0.382         0.318         0.346         0.285         0.377


           ESTIMATED RESIDUAL VARIANCES
              SME_CO_2      SME_CO_3      SME_CO_4      SME_CO_5      SME_CO_6
              ________      ________      ________      ________      ________
                0.715         0.636         0.701         0.479         0.225


           ESTIMATED RESIDUAL VARIANCES
              SME_CO_7
              ________
                0.448


           S.E. QUARTIMIN ROTATED LOADINGS
                  1             2             3
              ________      ________      ________
 SME_ES_1       0.114         0.109         0.097
 SME_ES_2       0.178         0.120         0.152
 SME_ES_3       0.139         0.134         0.147
 SME_ES_4       0.152         0.149         0.155
 SME_ES_5       0.126         0.124         0.148
 SME_ES_6       0.169         0.141         0.180
 SME_ES_7       0.134         0.135         0.144
 SME_PI_1       0.193         0.127         0.169
 SME_PI_2       0.191         0.154         0.146
 SME_PI_3       0.161         0.144         0.085
 SME_PI_4       0.182         0.116         0.175
 SME_PI_5       0.198         0.071         0.154
 SME_PI_6       0.186         0.115         0.169
 SME_PI_7       0.200         0.105         0.178
 SME_CO_1       0.180         0.114         0.170
 SME_CO_2       0.164         0.131         0.155
 SME_CO_3       0.116         0.139         0.142
 SME_CO_4       0.161         0.136         0.158
 SME_CO_5       0.178         0.115         0.155
 SME_CO_6       0.242         0.076         0.215
 SME_CO_7       0.212         0.104         0.183


           S.E. QUARTIMIN FACTOR CORRELATIONS
                  1             2             3
              ________      ________      ________
      1         0.000
      2         0.097         0.000
      3         0.099         0.155         0.000


           S.E. ESTIMATED RESIDUAL VARIANCES
              SME_ES_1      SME_ES_2      SME_ES_3      SME_ES_4      SME_ES_5
              ________      ________      ________      ________      ________
                0.127         0.081         0.093         0.086         0.097


           S.E. ESTIMATED RESIDUAL VARIANCES
              SME_ES_6      SME_ES_7      SME_PI_1      SME_PI_2      SME_PI_3
              ________      ________      ________      ________      ________
                0.087         0.098         0.078         0.077         0.100


           S.E. ESTIMATED RESIDUAL VARIANCES
              SME_PI_4      SME_PI_5      SME_PI_6      SME_PI_7      SME_CO_1
              ________      ________      ________      ________      ________
                0.072         0.083         0.065         0.056         0.071


           S.E. ESTIMATED RESIDUAL VARIANCES
              SME_CO_2      SME_CO_3      SME_CO_4      SME_CO_5      SME_CO_6
              ________      ________      ________      ________      ________
                0.089         0.107         0.093         0.075         0.060


           S.E. ESTIMATED RESIDUAL VARIANCES
              SME_CO_7
              ________
                0.080


           Est./S.E. QUARTIMIN ROTATED LOADINGS
                  1             2             3
              ________      ________      ________
 SME_ES_1       0.222         6.813        -0.436
 SME_ES_2       1.472         2.355         1.749
 SME_ES_3      -4.016        -0.136         1.012
 SME_ES_4      -2.101        -0.689         2.500
 SME_ES_5      -4.551         1.917         0.244
 SME_ES_6      -1.742         2.481        -0.042
 SME_ES_7      -4.698         0.440         0.311
 SME_PI_1       2.708         1.472         0.766
 SME_PI_2       3.119         1.777         0.080
 SME_PI_3       1.132         5.025         0.349
 SME_PI_4       3.596         0.631         0.778
 SME_PI_5       0.588        -1.414         5.148
 SME_PI_6       3.192         0.898         1.297
 SME_PI_7       2.828         1.233         1.587
 SME_CO_1       3.490         0.715         0.987
 SME_CO_2      -0.286         1.917         2.585
 SME_CO_3      -1.949         2.025         3.892
 SME_CO_4      -0.116         1.721         2.598
 SME_CO_5       2.290         1.749         1.649
 SME_CO_6       1.230        -0.294         3.128
 SME_CO_7       0.626         1.161         3.186


           Est./S.E. QUARTIMIN FACTOR CORRELATIONS
                  1             2             3
              ________      ________      ________
      1         0.000
      2         4.545         0.000
      3         6.405         2.964         0.000


           Est./S.E. ESTIMATED RESIDUAL VARIANCES
              SME_ES_1      SME_ES_2      SME_ES_3      SME_ES_4      SME_ES_5
              ________      ________      ________      ________      ________
                3.642         6.890         8.186        10.526         7.779


           Est./S.E. ESTIMATED RESIDUAL VARIANCES
              SME_ES_6      SME_ES_7      SME_PI_1      SME_PI_2      SME_PI_3
              ________      ________      ________      ________      ________
               10.148         6.777         6.211         5.358         2.989


           Est./S.E. ESTIMATED RESIDUAL VARIANCES
              SME_PI_4      SME_PI_5      SME_PI_6      SME_PI_7      SME_CO_1
              ________      ________      ________      ________      ________
                5.330         3.831         5.319         5.085         5.297


           Est./S.E. ESTIMATED RESIDUAL VARIANCES
              SME_CO_2      SME_CO_3      SME_CO_4      SME_CO_5      SME_CO_6
              ________      ________      ________      ________      ________
                8.062         5.922         7.500         6.347         3.744


           Est./S.E. ESTIMATED RESIDUAL VARIANCES
              SME_CO_7
              ________
                5.576


           FACTOR STRUCTURE
                  1             2             3
              ________      ________      ________
 SME_ES_1       0.325         0.732         0.313
 SME_ES_2       0.554         0.519         0.560
 SME_ES_3      -0.473        -0.196        -0.214
 SME_ES_4      -0.119        -0.066         0.138
 SME_ES_5      -0.447         0.001        -0.220
 SME_ES_6      -0.146         0.217        -0.034
 SME_ES_7      -0.576        -0.198        -0.329
 SME_PI_1       0.686         0.476         0.546
 SME_PI_2       0.725         0.541         0.516
 SME_PI_3       0.520         0.818         0.477
 SME_PI_4       0.774         0.424         0.586
 SME_PI_5       0.574         0.312         0.818
 SME_PI_6       0.780         0.466         0.645
 SME_PI_7       0.800         0.507         0.700
 SME_CO_1       0.772         0.436         0.605
 SME_CO_2       0.319         0.414         0.487
 SME_CO_3       0.249         0.435         0.539
 SME_CO_4       0.346         0.414         0.507
 SME_CO_5       0.657         0.497         0.605
 SME_CO_6       0.714         0.417         0.851
 SME_CO_7       0.558         0.447         0.724


PLOT INFORMATION

The following plots are available:

  Eigenvalues for exploratory factor analysis

DIAGRAM INFORMATION

  Mplus diagrams are currently not available for EFA.
  No diagram output was produced.


     Beginning Time:  20:43:25
        Ending Time:  20:43:25
       Elapsed Time:  00:00:00



MUTHEN & MUTHEN
3463 Stoner Ave.
Los Angeles, CA  90066

Tel: (310) 391-9971
Fax: (310) 391-8971
Web: www.StatModel.com
Support: Support@StatModel.com

Copyright (c) 1998-2025 Muthen & Muthen
