Mplus VERSION 9
MUTHEN & MUTHEN
09/20/2026   8:45 PM

INPUT INSTRUCTIONS

  Data:
  FILE IS AIAdoptionPartialDataforMPlus.csv;

  VARIABLE:
  NAMES ARE ResponseId	
  chat_ES_1 chat_ES_2	
  chat_ES_3 chat_ES_4	
  chat_ES_5 chat_ES_6	
  chat_ES_7 chat_ES_8	
  chat_PI_1 chat_PI_2	
  chat_PI_3 chat_PI_4	
  chat_PI_5 chat_PI_6	
  chat_PI_7 chat_PI_8	
  chat_CO_1 chat_CO_2	
  chat_CO_3 chat_CO_4	
  chat_CO_5 chat_CO_6	
  chat_CO_7 chat_CO_8	
  SME_ES_1 SME_ES_2	
  SME_ES_3 SME_ES_4	
  SME_ES_5 SME_ES_6	
  SME_ES_7 SME_PI_1	
  SME_PI_2 SME_PI_3	
  SME_PI_4 SME_PI_5	
  SME_PI_6 SME_PI_7	
  SME_CO_1 SME_CO_2	
  SME_CO_3 SME_CO_4	
  SME_CO_5 SME_CO_6	
  SME_CO_7 GENIE_EF_1	
  GENIE_EF_2 GENIE_EF_3	
  GENIE_EF_4 GENIE_EF_5	
  GENIE_EF_6 GENIE_EF_7	
  GENIE_PI_1 GENIE_PI_2	
  GENIE_PI_3 GENIE_PI_4	
  GENIE_PI_5 GENIE_PI_6	
  GENIE_PI_7 GENIE_CO_1	
  GENIE_CO_2 GENIE_CO_3	
  GENIE_CO_4 GENIE_CO_5	
  GENIE_CO_6 GENIE_CO_7 Age;


  USEVARIABLES ARE
  GENIE_EF_1	
  GENIE_EF_2 GENIE_EF_3	
  GENIE_EF_4 GENIE_EF_5	
  GENIE_EF_6 GENIE_EF_7	
  GENIE_PI_1 GENIE_PI_2	
  GENIE_PI_3 GENIE_PI_4	
  GENIE_PI_5 GENIE_PI_6	
  GENIE_PI_7 GENIE_CO_1	
  GENIE_CO_2 GENIE_CO_3	
  GENIE_CO_4 GENIE_CO_5	
  GENIE_CO_6 GENIE_CO_7;


  MISSING ARE ALL (-9);

     ANALYSIS:
      TYPE = EFA 1 3;
      ESTIMATOR = ML;
      ROTATION=QUARTIMIN;
      PARALLEL = 100;
      ITERATIONS = 5000;

      !Model:



      OUTPUT:
      SAMPSTAT;

      PLOT:
      type = plot2;



*** WARNING in VARIABLE command
  Note that only the first 8 characters of variable names are used in the output.
  Shorten variable names to avoid any confusion.
*** WARNING in PLOT command
  Note that only the first 8 characters of variable names are used in plots.
  If variable names are not unique within the first 8 characters, problems
  may occur.
*** WARNING
  Data set contains cases with missing on all variables.
  These cases were not included in the analysis.
  Number of cases with missing on all variables:  2
   3 WARNING(S) FOUND IN THE INPUT INSTRUCTIONS




SUMMARY OF ANALYSIS

Number of groups                                                 1
Number of observations                                          94

Number of dependent variables                                   21
Number of independent variables                                  0
Number of continuous latent variables                            0

Observed dependent variables

  Continuous
   GENIE_EF_1  GENIE_EF_2  GENIE_EF_3  GENIE_EF_4  GENIE_EF_5  GENIE_EF_6
   GENIE_EF_7  GENIE_PI_1  GENIE_PI_2  GENIE_PI_3  GENIE_PI_4  GENIE_PI_5
   GENIE_PI_6  GENIE_PI_7  GENIE_CO_1  GENIE_CO_2  GENIE_CO_3  GENIE_CO_4
   GENIE_CO_5  GENIE_CO_6  GENIE_CO_7


Estimator                                                       ML
Rotation                                                 QUARTIMIN
Row standardization                                    CORRELATION
Type of rotation                                           OBLIQUE
Information matrix                                        OBSERVED
Maximum number of iterations                                  5000
Convergence criterion                                    0.500D-04
Maximum number of steepest descent iterations                   20
Maximum number of iterations for H1                           2000
Convergence criterion for H1                             0.100D-03
Optimization Specifications for the Exploratory Factor Analysis
Rotation Algorithm
  Number of random starts                                       30
  Maximum number of iterations                               10000
  Derivative convergence criterion                       0.100D-04

Input data file(s)
  AIAdoptionPartialDataforMPlus.csv

Input data format  FREE


SUMMARY OF DATA

     Number of missing data patterns             5


COVARIANCE COVERAGE OF DATA

Minimum covariance coverage value   0.100


     PROPORTION OF DATA PRESENT


           Covariance Coverage
              GENIE_EF      GENIE_EF      GENIE_EF      GENIE_EF      GENIE_EF
              ________      ________      ________      ________      ________
 GENIE_EF       1.000
 GENIE_EF       1.000         1.000
 GENIE_EF       1.000         1.000         1.000
 GENIE_EF       1.000         1.000         1.000         1.000
 GENIE_EF       1.000         1.000         1.000         1.000         1.000
 GENIE_EF       1.000         1.000         1.000         1.000         1.000
 GENIE_EF       1.000         1.000         1.000         1.000         1.000
 GENIE_PI       1.000         1.000         1.000         1.000         1.000
 GENIE_PI       1.000         1.000         1.000         1.000         1.000
 GENIE_PI       1.000         1.000         1.000         1.000         1.000
 GENIE_PI       0.979         0.979         0.979         0.979         0.979
 GENIE_PI       1.000         1.000         1.000         1.000         1.000
 GENIE_PI       1.000         1.000         1.000         1.000         1.000
 GENIE_PI       1.000         1.000         1.000         1.000         1.000
 GENIE_CO       0.989         0.989         0.989         0.989         0.989
 GENIE_CO       0.989         0.989         0.989         0.989         0.989
 GENIE_CO       1.000         1.000         1.000         1.000         1.000
 GENIE_CO       1.000         1.000         1.000         1.000         1.000
 GENIE_CO       1.000         1.000         1.000         1.000         1.000
 GENIE_CO       1.000         1.000         1.000         1.000         1.000
 GENIE_CO       0.989         0.989         0.989         0.989         0.989


           Covariance Coverage
              GENIE_EF      GENIE_EF      GENIE_PI      GENIE_PI      GENIE_PI
              ________      ________      ________      ________      ________
 GENIE_EF       1.000
 GENIE_EF       1.000         1.000
 GENIE_PI       1.000         1.000         1.000
 GENIE_PI       1.000         1.000         1.000         1.000
 GENIE_PI       1.000         1.000         1.000         1.000         1.000
 GENIE_PI       0.979         0.979         0.979         0.979         0.979
 GENIE_PI       1.000         1.000         1.000         1.000         1.000
 GENIE_PI       1.000         1.000         1.000         1.000         1.000
 GENIE_PI       1.000         1.000         1.000         1.000         1.000
 GENIE_CO       0.989         0.989         0.989         0.989         0.989
 GENIE_CO       0.989         0.989         0.989         0.989         0.989
 GENIE_CO       1.000         1.000         1.000         1.000         1.000
 GENIE_CO       1.000         1.000         1.000         1.000         1.000
 GENIE_CO       1.000         1.000         1.000         1.000         1.000
 GENIE_CO       1.000         1.000         1.000         1.000         1.000
 GENIE_CO       0.989         0.989         0.989         0.989         0.989


           Covariance Coverage
              GENIE_PI      GENIE_PI      GENIE_PI      GENIE_PI      GENIE_CO
              ________      ________      ________      ________      ________
 GENIE_PI       0.979
 GENIE_PI       0.979         1.000
 GENIE_PI       0.979         1.000         1.000
 GENIE_PI       0.979         1.000         1.000         1.000
 GENIE_CO       0.968         0.989         0.989         0.989         0.989
 GENIE_CO       0.979         0.989         0.989         0.989         0.979
 GENIE_CO       0.979         1.000         1.000         1.000         0.989
 GENIE_CO       0.979         1.000         1.000         1.000         0.989
 GENIE_CO       0.979         1.000         1.000         1.000         0.989
 GENIE_CO       0.979         1.000         1.000         1.000         0.989
 GENIE_CO       0.968         0.989         0.989         0.989         0.979


           Covariance Coverage
              GENIE_CO      GENIE_CO      GENIE_CO      GENIE_CO      GENIE_CO
              ________      ________      ________      ________      ________
 GENIE_CO       0.989
 GENIE_CO       0.989         1.000
 GENIE_CO       0.989         1.000         1.000
 GENIE_CO       0.989         1.000         1.000         1.000
 GENIE_CO       0.989         1.000         1.000         1.000         1.000
 GENIE_CO       0.979         0.989         0.989         0.989         0.989


           Covariance Coverage
              GENIE_CO
              ________
 GENIE_CO       0.989


SAMPLE STATISTICS


     ESTIMATED SAMPLE STATISTICS


           Means
              GENIE_EF      GENIE_EF      GENIE_EF      GENIE_EF      GENIE_EF
              ________      ________      ________      ________      ________
                3.500         3.181         2.521         3.819         3.000


           Means
              GENIE_EF      GENIE_EF      GENIE_PI      GENIE_PI      GENIE_PI
              ________      ________      ________      ________      ________
                3.181         3.170         3.223         3.362         3.809


           Means
              GENIE_PI      GENIE_PI      GENIE_PI      GENIE_PI      GENIE_CO
              ________      ________      ________      ________      ________
                2.638         3.032         3.277         3.213         2.585


           Means
              GENIE_CO      GENIE_CO      GENIE_CO      GENIE_CO      GENIE_CO
              ________      ________      ________      ________      ________
                2.652         3.085         3.074         2.989         2.447


           Means
              GENIE_CO
              ________
                3.041


           Covariances
              GENIE_EF      GENIE_EF      GENIE_EF      GENIE_EF      GENIE_EF
              ________      ________      ________      ________      ________
 GENIE_EF       1.654
 GENIE_EF       0.910         1.552
 GENIE_EF       0.856         0.959         1.675
 GENIE_EF       0.931         0.756         0.722         1.255
 GENIE_EF       0.968         1.011         1.191         0.798         1.723
 GENIE_EF       1.027         0.882         1.076         0.831         1.043
 GENIE_EF       0.713         0.831         0.794         0.680         0.915
 GENIE_PI       0.878         0.885         1.032         0.817         1.074
 GENIE_PI       0.777         0.520         0.716         0.682         0.596
 GENIE_PI       0.755         0.684         0.674         0.742         0.851
 GENIE_PI       0.638         0.753         1.020         0.537         0.892
 GENIE_PI       0.867         0.867         1.005         0.708         0.968
 GENIE_PI       0.713         0.801         0.824         0.795         0.766
 GENIE_PI       1.043         0.993         1.102         0.975         1.149
 GENIE_CO       0.835         0.841         1.003         0.637         0.819
 GENIE_CO       0.844         0.973         1.051         0.685         0.968
 GENIE_CO       0.691         0.559         0.647         0.739         0.862
 GENIE_CO       0.750         0.774         0.653         0.567         0.766
 GENIE_CO       0.878         0.842         0.889         0.711         0.883
 GENIE_CO       0.713         0.802         0.852         0.464         0.851
 GENIE_CO       0.731         0.631         0.773         0.644         0.913


           Covariances
              GENIE_EF      GENIE_EF      GENIE_PI      GENIE_PI      GENIE_PI
              ________      ________      ________      ________      ________
 GENIE_EF       1.680
 GENIE_EF       0.756         1.184
 GENIE_PI       1.034         0.856         1.450
 GENIE_PI       0.839         0.438         0.717         1.593
 GENIE_PI       0.960         0.543         0.724         0.867         1.261
 GENIE_PI       0.948         0.653         0.815         0.619         0.555
 GENIE_PI       1.133         0.718         0.993         0.925         0.847
 GENIE_PI       0.886         0.527         0.768         0.772         0.851
 GENIE_PI       1.281         0.772         1.101         0.987         1.094
 GENIE_CO       1.117         0.581         0.858         0.735         0.718
 GENIE_CO       1.063         0.533         0.865         0.740         0.827
 GENIE_CO       0.900         0.656         0.726         0.788         0.782
 GENIE_CO       0.827         0.615         0.696         0.824         0.738
 GENIE_CO       0.970         0.661         0.875         0.887         0.838
 GENIE_CO       0.972         0.509         0.719         0.721         0.607
 GENIE_CO       0.787         0.653         0.840         0.686         0.698


           Covariances
              GENIE_PI      GENIE_PI      GENIE_PI      GENIE_PI      GENIE_CO
              ________      ________      ________      ________      ________
 GENIE_PI       1.281
 GENIE_PI       0.838         1.563
 GENIE_PI       0.638         0.874         1.413
 GENIE_PI       0.797         1.174         1.196         1.785
 GENIE_CO       0.844         1.183         0.859         1.067         1.781
 GENIE_CO       0.776         1.004         0.950         1.095         1.106
 GENIE_CO       0.614         0.753         0.689         0.961         0.546
 GENIE_CO       0.652         0.742         0.660         0.825         0.850
 GENIE_CO       0.663         1.032         0.843         1.077         1.007
 GENIE_CO       0.849         0.890         0.632         0.926         1.058
 GENIE_CO       0.645         0.782         0.721         0.924         0.673


           Covariances
              GENIE_CO      GENIE_CO      GENIE_CO      GENIE_CO      GENIE_CO
              ________      ________      ________      ________      ________
 GENIE_CO       1.720
 GENIE_CO       0.803         1.503
 GENIE_CO       0.898         0.930         1.452
 GENIE_CO       1.039         0.937         1.001         1.457
 GENIE_CO       1.002         0.675         0.882         0.983         1.502
 GENIE_CO       0.934         0.897         0.782         0.924         0.819


           Covariances
              GENIE_CO
              ________
 GENIE_CO       1.319


           Correlations
              GENIE_EF      GENIE_EF      GENIE_EF      GENIE_EF      GENIE_EF
              ________      ________      ________      ________      ________
 GENIE_EF       1.000
 GENIE_EF       0.568         1.000
 GENIE_EF       0.514         0.595         1.000
 GENIE_EF       0.646         0.542         0.498         1.000
 GENIE_EF       0.573         0.618         0.701         0.543         1.000
 GENIE_EF       0.616         0.546         0.641         0.572         0.613
 GENIE_EF       0.509         0.613         0.564         0.558         0.641
 GENIE_PI       0.567         0.590         0.662         0.606         0.680
 GENIE_PI       0.478         0.331         0.438         0.483         0.360
 GENIE_PI       0.523         0.489         0.464         0.590         0.577
 GENIE_PI       0.439         0.534         0.696         0.423         0.601
 GENIE_PI       0.539         0.556         0.621         0.506         0.590
 GENIE_PI       0.466         0.541         0.536         0.597         0.491
 GENIE_PI       0.607         0.597         0.637         0.651         0.655
 GENIE_CO       0.487         0.506         0.581         0.426         0.467
 GENIE_CO       0.500         0.596         0.619         0.466         0.562
 GENIE_CO       0.438         0.366         0.408         0.538         0.535
 GENIE_CO       0.484         0.515         0.419         0.420         0.484
 GENIE_CO       0.565         0.560         0.569         0.526         0.557
 GENIE_CO       0.452         0.525         0.537         0.338         0.529
 GENIE_CO       0.495         0.441         0.520         0.501         0.606


           Correlations
              GENIE_EF      GENIE_EF      GENIE_PI      GENIE_PI      GENIE_PI
              ________      ________      ________      ________      ________
 GENIE_EF       1.000
 GENIE_EF       0.536         1.000
 GENIE_PI       0.663         0.653         1.000
 GENIE_PI       0.513         0.319         0.472         1.000
 GENIE_PI       0.660         0.445         0.535         0.612         1.000
 GENIE_PI       0.647         0.530         0.598         0.433         0.437
 GENIE_PI       0.699         0.528         0.660         0.586         0.603
 GENIE_PI       0.575         0.408         0.537         0.515         0.637
 GENIE_PI       0.740         0.531         0.685         0.585         0.729
 GENIE_CO       0.646         0.400         0.534         0.436         0.479
 GENIE_CO       0.625         0.374         0.548         0.447         0.561
 GENIE_CO       0.566         0.492         0.491         0.509         0.568
 GENIE_CO       0.529         0.469         0.480         0.542         0.545
 GENIE_CO       0.620         0.504         0.602         0.582         0.618
 GENIE_CO       0.612         0.382         0.487         0.466         0.441
 GENIE_CO       0.529         0.522         0.607         0.473         0.541


           Correlations
              GENIE_PI      GENIE_PI      GENIE_PI      GENIE_PI      GENIE_CO
              ________      ________      ________      ________      ________
 GENIE_PI       1.000
 GENIE_PI       0.593         1.000
 GENIE_PI       0.474         0.588         1.000
 GENIE_PI       0.527         0.703         0.754         1.000
 GENIE_CO       0.559         0.709         0.541         0.598         1.000
 GENIE_CO       0.523         0.612         0.610         0.625         0.632
 GENIE_CO       0.443         0.491         0.473         0.586         0.333
 GENIE_CO       0.478         0.493         0.461         0.512         0.529
 GENIE_CO       0.486         0.684         0.588         0.668         0.625
 GENIE_CO       0.612         0.581         0.434         0.566         0.647
 GENIE_CO       0.496         0.545         0.528         0.602         0.439


           Correlations
              GENIE_CO      GENIE_CO      GENIE_CO      GENIE_CO      GENIE_CO
              ________      ________      ________      ________      ________
 GENIE_CO       1.000
 GENIE_CO       0.499         1.000
 GENIE_CO       0.568         0.629         1.000
 GENIE_CO       0.656         0.633         0.688         1.000
 GENIE_CO       0.623         0.449         0.597         0.665         1.000
 GENIE_CO       0.620         0.637         0.565         0.667         0.582


           Correlations
              GENIE_CO
              ________
 GENIE_CO       1.000


     MAXIMUM LOG-LIKELIHOOD VALUE FOR THE UNRESTRICTED (H1) MODEL IS -2372.928


UNIVARIATE SAMPLE STATISTICS


     UNIVARIATE HIGHER-ORDER MOMENT DESCRIPTIVE STATISTICS

         Variable/         Mean/     Skewness/   Minimum/ % with                Percentiles
        Sample Size      Variance    Kurtosis    Maximum  Min/Max      20%/60%    40%/80%    Median

     GENIE_EF_1            3.500      -0.660       1.000   11.70%       2.000      4.000      4.000
              94.000       1.654      -0.668       5.000   23.40%       4.000      5.000
     GENIE_EF_2            3.181      -0.378       1.000   13.83%       2.000      3.000      3.000
              94.000       1.552      -0.925       5.000   12.77%       4.000      4.000
     GENIE_EF_3            2.521       0.203       1.000   31.91%       1.000      2.000      2.500
              94.000       1.675      -1.268       5.000    5.32%       3.000      4.000
     GENIE_EF_4            3.819      -1.185       1.000    7.45%       3.000      4.000      4.000
              94.000       1.255       0.789       5.000   26.60%       4.000      5.000
     GENIE_EF_5            3.000      -0.226       1.000   20.21%       1.000      3.000      3.000
              94.000       1.723      -1.130       5.000   11.70%       4.000      4.000
     GENIE_EF_6            3.181      -0.426       1.000   15.96%       2.000      3.000      4.000
              94.000       1.680      -1.051       5.000   12.77%       4.000      4.000
     GENIE_EF_7            3.170      -0.391       1.000    9.57%       2.000      3.000      3.000
              94.000       1.184      -0.489       5.000    8.51%       4.000      4.000
     GENIE_PI_1            3.223      -0.691       1.000   14.89%       2.000      3.000      4.000
              94.000       1.450      -0.707       5.000    7.45%       4.000      4.000
     GENIE_PI_2            3.362      -0.608       1.000   13.83%       2.000      3.000      4.000
              94.000       1.593      -0.663       5.000   17.02%       4.000      4.000
     GENIE_PI_3            3.809      -0.926       1.000    5.32%       3.000      4.000      4.000
              94.000       1.261       0.139       5.000   29.79%       4.000      5.000
     GENIE_PI_4            2.641      -0.151       1.000   22.83%       1.000      2.000      3.000
              92.000       1.295      -1.237       5.000    1.09%       3.000      4.000
     GENIE_PI_5            3.032      -0.289       1.000   15.96%       2.000      3.000      3.000
              94.000       1.563      -1.132       5.000    8.51%       4.000      4.000
     GENIE_PI_6            3.277      -0.660       1.000   12.77%       2.000      3.000      4.000
              94.000       1.413      -0.624       5.000    9.57%       4.000      4.000
     GENIE_PI_7            3.213      -0.553       1.000   20.21%       1.000      3.000      4.000
              94.000       1.785      -0.943       5.000   13.83%       4.000      4.000
     GENIE_CO_1            2.581       0.258       1.000   30.11%       1.000      2.000      2.000
              93.000       1.792      -1.216       5.000    8.60%       3.000      4.000
     GENIE_CO_2            2.656       0.113       1.000   25.81%       1.000      2.000      2.000
              93.000       1.731      -1.431       5.000    5.38%       3.000      4.000
     GENIE_CO_3            3.085      -0.439       1.000   17.02%       2.000      3.000      3.000
              94.000       1.503      -0.883       5.000    8.51%       4.000      4.000
     GENIE_CO_4            3.074      -0.471       1.000   17.02%       2.000      3.000      3.000
              94.000       1.452      -0.822       5.000    7.45%       4.000      4.000
     GENIE_CO_5            2.989      -0.342       1.000   17.02%       2.000      3.000      3.000
              94.000       1.457      -1.004       5.000    6.38%       4.000      4.000
     GENIE_CO_6            2.447       0.348       1.000   28.72%       1.000      2.000      2.000
              94.000       1.502      -1.081       5.000    4.26%       3.000      4.000
     GENIE_CO_7            3.032      -0.318       1.000   12.90%       2.000      3.000      3.000
              93.000       1.322      -0.882       5.000    6.45%       4.000      4.000


SUMMARY OF MODEL FIT INFORMATION


                   Number of                   Degrees of
     Model        Parameters      Chi-Square    Freedom     P-Value

     1-factor          63            346.813       189       0.0000
     2-factor          83            277.874       169       0.0000
     3-factor         102            207.643       150       0.0013

                                               Degrees of
     Models Compared              Chi-Square    Freedom     P-Value

     1-factor against 2-factor        68.939        20       0.0000
     2-factor against 3-factor        70.231        19       0.0000



RESULTS FOR EXPLORATORY FACTOR ANALYSIS


           EIGENVALUES FOR SAMPLE CORRELATION MATRIX
                  1             2             3             4             5
              ________      ________      ________      ________      ________
               12.007         1.189         1.111         0.909         0.666


           EIGENVALUES FOR SAMPLE CORRELATION MATRIX
                  6             7             8             9            10
              ________      ________      ________      ________      ________
                0.629         0.502         0.478         0.456         0.418


           EIGENVALUES FOR SAMPLE CORRELATION MATRIX
                 11            12            13            14            15
              ________      ________      ________      ________      ________
                0.354         0.311         0.302         0.289         0.278


           EIGENVALUES FOR SAMPLE CORRELATION MATRIX
                 16            17            18            19            20
              ________      ________      ________      ________      ________
                0.255         0.231         0.176         0.164         0.147


           EIGENVALUES FOR SAMPLE CORRELATION MATRIX
                 21
              ________
                0.128


           AVERAGE EIGENVALUES FROM PARALLEL ANALYSIS
                  1             2             3             4             5
              ________      ________      ________      ________      ________
                1.952         1.784         1.637         1.524         1.421


           AVERAGE EIGENVALUES FROM PARALLEL ANALYSIS
                  6             7             8             9            10
              ________      ________      ________      ________      ________
                1.326         1.241         1.160         1.083         1.007


           AVERAGE EIGENVALUES FROM PARALLEL ANALYSIS
                 11            12            13            14            15
              ________      ________      ________      ________      ________
                0.931         0.861         0.800         0.741         0.679


           AVERAGE EIGENVALUES FROM PARALLEL ANALYSIS
                 16            17            18            19            20
              ________      ________      ________      ________      ________
                0.620         0.560         0.506         0.452         0.391


           AVERAGE EIGENVALUES FROM PARALLEL ANALYSIS
                 21
              ________
                0.324


           95 PERCENTILE EIGENVALUES FROM PARALLEL ANALYSIS
                  1             2             3             4             5
              ________      ________      ________      ________      ________
                2.114         1.898         1.744         1.610         1.492


           95 PERCENTILE EIGENVALUES FROM PARALLEL ANALYSIS
                  6             7             8             9            10
              ________      ________      ________      ________      ________
                1.399         1.317         1.219         1.141         1.063


           95 PERCENTILE EIGENVALUES FROM PARALLEL ANALYSIS
                 11            12            13            14            15
              ________      ________      ________      ________      ________
                0.999         0.911         0.857         0.788         0.740


           95 PERCENTILE EIGENVALUES FROM PARALLEL ANALYSIS
                 16            17            18            19            20
              ________      ________      ________      ________      ________
                0.678         0.611         0.559         0.497         0.434


           95 PERCENTILE EIGENVALUES FROM PARALLEL ANALYSIS
                 21
              ________
                0.382


EXPLORATORY FACTOR ANALYSIS WITH 1 FACTOR(S):


MODEL FIT INFORMATION

Number of Free Parameters                       63

Loglikelihood

          H0 Value                       -2546.335
          H1 Value                       -2372.928

Information Criteria

          Akaike (AIC)                    5218.669
          Bayesian (BIC)                  5378.897
          Sample-Size Adjusted BIC        5180.006
            (n* = (n + 2) / 24)

Chi-Square Test of Model Fit

          Value                            346.813
          Degrees of Freedom                   189
          P-Value                           0.0000

RMSEA (Root Mean Square Error Of Approximation)

          Estimate                           0.094
          90 Percent C.I.                    0.078  0.110
          Probability RMSEA <= .05           0.000

CFI/TLI

          CFI                                0.890
          TLI                                0.878

Chi-Square Test of Model Fit for the Baseline Model

          Value                           1647.621
          Degrees of Freedom                   210
          P-Value                           0.0000

SRMR (Standardized Root Mean Square Residual)

          Value                              0.058



MINIMUM ROTATION FUNCTION VALUE       0.00000



           QUARTIMIN ROTATED LOADINGS (* significant at 5% level)
                  1
              ________
 GENIE_EF       0.704*
 GENIE_EF       0.715*
 GENIE_EF       0.761*
 GENIE_EF       0.702*
 GENIE_EF       0.769*
 GENIE_EF       0.827*
 GENIE_EF       0.669*
 GENIE_PI       0.790*
 GENIE_PI       0.646*
 GENIE_PI       0.752*
 GENIE_PI       0.711*
 GENIE_PI       0.811*
 GENIE_PI       0.734*
 GENIE_PI       0.858*
 GENIE_CO       0.727*
 GENIE_CO       0.763*
 GENIE_CO       0.676*
 GENIE_CO       0.688*
 GENIE_CO       0.810*
 GENIE_CO       0.710*
 GENIE_CO       0.732*


           QUARTIMIN FACTOR CORRELATIONS (* significant at 5% level)
                  1
              ________
      1         1.000


           ESTIMATED RESIDUAL VARIANCES
              GENIE_EF      GENIE_EF      GENIE_EF      GENIE_EF      GENIE_EF
              ________      ________      ________      ________      ________
                0.505         0.489         0.421         0.507         0.409


           ESTIMATED RESIDUAL VARIANCES
              GENIE_EF      GENIE_EF      GENIE_PI      GENIE_PI      GENIE_PI
              ________      ________      ________      ________      ________
                0.315         0.552         0.375         0.583         0.435


           ESTIMATED RESIDUAL VARIANCES
              GENIE_PI      GENIE_PI      GENIE_PI      GENIE_PI      GENIE_CO
              ________      ________      ________      ________      ________
                0.494         0.343         0.461         0.264         0.471


           ESTIMATED RESIDUAL VARIANCES
              GENIE_CO      GENIE_CO      GENIE_CO      GENIE_CO      GENIE_CO
              ________      ________      ________      ________      ________
                0.418         0.543         0.527         0.344         0.497


           ESTIMATED RESIDUAL VARIANCES
              GENIE_CO
              ________
                0.465


           S.E. QUARTIMIN ROTATED LOADINGS
                  1
              ________
 GENIE_EF       0.054
 GENIE_EF       0.053
 GENIE_EF       0.046
 GENIE_EF       0.054
 GENIE_EF       0.044
 GENIE_EF       0.035
 GENIE_EF       0.059
 GENIE_PI       0.041
 GENIE_PI       0.062
 GENIE_PI       0.047
 GENIE_PI       0.054
 GENIE_PI       0.037
 GENIE_PI       0.050
 GENIE_PI       0.030
 GENIE_CO       0.051
 GENIE_CO       0.045
 GENIE_CO       0.058
 GENIE_CO       0.056
 GENIE_CO       0.038
 GENIE_CO       0.053
 GENIE_CO       0.050


           S.E. QUARTIMIN FACTOR CORRELATIONS
                  1
              ________
      1         0.000


           S.E. ESTIMATED RESIDUAL VARIANCES
              GENIE_EF      GENIE_EF      GENIE_EF      GENIE_EF      GENIE_EF
              ________      ________      ________      ________      ________
                0.076         0.075         0.069         0.076         0.068


           S.E. ESTIMATED RESIDUAL VARIANCES
              GENIE_EF      GENIE_EF      GENIE_PI      GENIE_PI      GENIE_PI
              ________      ________      ________      ________      ________
                0.057         0.079         0.065         0.080         0.071


           S.E. ESTIMATED RESIDUAL VARIANCES
              GENIE_PI      GENIE_PI      GENIE_PI      GENIE_PI      GENIE_CO
              ________      ________      ________      ________      ________
                0.076         0.061         0.073         0.051         0.074


           S.E. ESTIMATED RESIDUAL VARIANCES
              GENIE_CO      GENIE_CO      GENIE_CO      GENIE_CO      GENIE_CO
              ________      ________      ________      ________      ________
                0.069         0.079         0.078         0.061         0.076


           S.E. ESTIMATED RESIDUAL VARIANCES
              GENIE_CO
              ________
                0.074


           Est./S.E. QUARTIMIN ROTATED LOADINGS
                  1
              ________
 GENIE_EF      13.016
 GENIE_EF      13.609
 GENIE_EF      16.715
 GENIE_EF      12.906
 GENIE_EF      17.325
 GENIE_EF      23.871
 GENIE_EF      11.332
 GENIE_PI      19.368
 GENIE_PI      10.394
 GENIE_PI      16.003
 GENIE_PI      13.290
 GENIE_PI      21.662
 GENIE_PI      14.804
 GENIE_PI      29.077
 GENIE_CO      14.294
 GENIE_CO      16.850
 GENIE_CO      11.629
 GENIE_CO      12.181
 GENIE_CO      21.506
 GENIE_CO      13.301
 GENIE_CO      14.540


           Est./S.E. QUARTIMIN FACTOR CORRELATIONS
                  1
              ________
      1         0.000


           Est./S.E. ESTIMATED RESIDUAL VARIANCES
              GENIE_EF      GENIE_EF      GENIE_EF      GENIE_EF      GENIE_EF
              ________      ________      ________      ________      ________
                6.635         6.518         6.070         6.641         6.005


           Est./S.E. ESTIMATED RESIDUAL VARIANCES
              GENIE_EF      GENIE_EF      GENIE_PI      GENIE_PI      GENIE_PI
              ________      ________      ________      ________      ________
                5.501         6.985         5.816         7.258         6.157


           Est./S.E. ESTIMATED RESIDUAL VARIANCES
              GENIE_PI      GENIE_PI      GENIE_PI      GENIE_PI      GENIE_CO
              ________      ________      ________      ________      ________
                6.492         5.643         6.319         5.218         6.372


           Est./S.E. ESTIMATED RESIDUAL VARIANCES
              GENIE_CO      GENIE_CO      GENIE_CO      GENIE_CO      GENIE_CO
              ________      ________      ________      ________      ________
                6.054         6.915         6.783         5.638         6.559


           Est./S.E. ESTIMATED RESIDUAL VARIANCES
              GENIE_CO
              ________
                6.316


EXPLORATORY FACTOR ANALYSIS WITH 2 FACTOR(S):


MODEL FIT INFORMATION

Number of Free Parameters                       83

Loglikelihood

          H0 Value                       -2511.865
          H1 Value                       -2372.928

Information Criteria

          Akaike (AIC)                    5189.730
          Bayesian (BIC)                  5400.824
          Sample-Size Adjusted BIC        5138.793
            (n* = (n + 2) / 24)

Chi-Square Test of Model Fit

          Value                            277.874
          Degrees of Freedom                   169
          P-Value                           0.0000

RMSEA (Root Mean Square Error Of Approximation)

          Estimate                           0.083
          90 Percent C.I.                    0.065  0.100
          Probability RMSEA <= .05           0.002

CFI/TLI

          CFI                                0.924
          TLI                                0.906

Chi-Square Test of Model Fit for the Baseline Model

          Value                           1647.621
          Degrees of Freedom                   210
          P-Value                           0.0000

SRMR (Standardized Root Mean Square Residual)

          Value                              0.048



MINIMUM ROTATION FUNCTION VALUE       0.13331



           QUARTIMIN ROTATED LOADINGS (* significant at 5% level)
                  1             2
              ________      ________
 GENIE_EF       0.375*        0.368*
 GENIE_EF       0.665*        0.100
 GENIE_EF       0.883*       -0.057
 GENIE_EF       0.315         0.426
 GENIE_EF       0.786*        0.043
 GENIE_EF       0.434*        0.439*
 GENIE_EF       0.743*       -0.020
 GENIE_PI       0.697*        0.150
 GENIE_PI      -0.189         0.864*
 GENIE_PI      -0.023         0.811*
 GENIE_PI       0.739*        0.023
 GENIE_PI       0.374*        0.481*
 GENIE_PI       0.134         0.636*
 GENIE_PI       0.290         0.613*
 GENIE_CO       0.347         0.417
 GENIE_CO       0.276         0.526*
 GENIE_CO      -0.049         0.759*
 GENIE_CO      -0.039         0.761*
 GENIE_CO       0.047         0.804*
 GENIE_CO       0.273         0.475*
 GENIE_CO       0.198         0.575*


           QUARTIMIN FACTOR CORRELATIONS (* significant at 5% level)
                  1             2
              ________      ________
      1         1.000
      2         0.786*        1.000


           ESTIMATED RESIDUAL VARIANCES
              GENIE_EF      GENIE_EF      GENIE_EF      GENIE_EF      GENIE_EF
              ________      ________      ________      ________      ________
                0.506         0.444         0.297         0.508         0.326


           ESTIMATED RESIDUAL VARIANCES
              GENIE_EF      GENIE_EF      GENIE_PI      GENIE_PI      GENIE_PI
              ________      ________      ________      ________      ________
                0.319         0.471         0.328         0.475         0.372


           ESTIMATED RESIDUAL VARIANCES
              GENIE_PI      GENIE_PI      GENIE_PI      GENIE_PI      GENIE_CO
              ________      ________      ________      ________      ________
                0.426         0.346         0.444         0.261         0.477


           ESTIMATED RESIDUAL VARIANCES
              GENIE_CO      GENIE_CO      GENIE_CO      GENIE_CO      GENIE_CO
              ________      ________      ________      ________      ________
                0.418         0.481         0.466         0.291         0.496


           ESTIMATED RESIDUAL VARIANCES
              GENIE_CO
              ________
                0.452


           S.E. QUARTIMIN ROTATED LOADINGS
                  1             2
              ________      ________
 GENIE_EF       0.179         0.177
 GENIE_EF       0.149         0.158
 GENIE_EF       0.135         0.137
 GENIE_EF       0.222         0.219
 GENIE_EF       0.134         0.139
 GENIE_EF       0.165         0.163
 GENIE_EF       0.179         0.177
 GENIE_PI       0.144         0.153
 GENIE_PI       0.127         0.117
 GENIE_PI       0.171         0.161
 GENIE_PI       0.173         0.178
 GENIE_PI       0.180         0.175
 GENIE_PI       0.190         0.179
 GENIE_PI       0.176         0.169
 GENIE_CO       0.242         0.235
 GENIE_CO       0.203         0.193
 GENIE_CO       0.156         0.150
 GENIE_CO       0.167         0.159
 GENIE_CO       0.162         0.148
 GENIE_CO       0.246         0.238
 GENIE_CO       0.161         0.153


           S.E. QUARTIMIN FACTOR CORRELATIONS
                  1             2
              ________      ________
      1         0.000
      2         0.053         0.000


           S.E. ESTIMATED RESIDUAL VARIANCES
              GENIE_EF      GENIE_EF      GENIE_EF      GENIE_EF      GENIE_EF
              ________      ________      ________      ________      ________
                0.076         0.076         0.078         0.076         0.072


           S.E. ESTIMATED RESIDUAL VARIANCES
              GENIE_EF      GENIE_EF      GENIE_PI      GENIE_PI      GENIE_PI
              ________      ________      ________      ________      ________
                0.058         0.095         0.065         0.086         0.081


           S.E. ESTIMATED RESIDUAL VARIANCES
              GENIE_PI      GENIE_PI      GENIE_PI      GENIE_PI      GENIE_CO
              ________      ________      ________      ________      ________
                0.085         0.061         0.075         0.053         0.074


           S.E. ESTIMATED RESIDUAL VARIANCES
              GENIE_CO      GENIE_CO      GENIE_CO      GENIE_CO      GENIE_CO
              ________      ________      ________      ________      ________
                0.069         0.087         0.087         0.066         0.077


           S.E. ESTIMATED RESIDUAL VARIANCES
              GENIE_CO
              ________
                0.074


           Est./S.E. QUARTIMIN ROTATED LOADINGS
                  1             2
              ________      ________
 GENIE_EF       2.101         2.076
 GENIE_EF       4.452         0.635
 GENIE_EF       6.559        -0.418
 GENIE_EF       1.418         1.948
 GENIE_EF       5.890         0.310
 GENIE_EF       2.627         2.684
 GENIE_EF       4.158        -0.114
 GENIE_PI       4.829         0.977
 GENIE_PI      -1.486         7.366
 GENIE_PI      -0.137         5.031
 GENIE_PI       4.281         0.130
 GENIE_PI       2.075         2.748
 GENIE_PI       0.703         3.555
 GENIE_PI       1.645         3.619
 GENIE_CO       1.434         1.771
 GENIE_CO       1.360         2.728
 GENIE_CO      -0.315         5.065
 GENIE_CO      -0.232         4.770
 GENIE_CO       0.294         5.429
 GENIE_CO       1.110         1.995
 GENIE_CO       1.226         3.762


           Est./S.E. QUARTIMIN FACTOR CORRELATIONS
                  1             2
              ________      ________
      1         0.000
      2        14.873         0.000


           Est./S.E. ESTIMATED RESIDUAL VARIANCES
              GENIE_EF      GENIE_EF      GENIE_EF      GENIE_EF      GENIE_EF
              ________      ________      ________      ________      ________
                6.654         5.864         3.791         6.655         4.534


           Est./S.E. ESTIMATED RESIDUAL VARIANCES
              GENIE_EF      GENIE_EF      GENIE_PI      GENIE_PI      GENIE_PI
              ________      ________      ________      ________      ________
                5.536         4.965         5.047         5.558         4.591


           Est./S.E. ESTIMATED RESIDUAL VARIANCES
              GENIE_PI      GENIE_PI      GENIE_PI      GENIE_PI      GENIE_CO
              ________      ________      ________      ________      ________
                5.018         5.686         5.889         4.965         6.435


           Est./S.E. ESTIMATED RESIDUAL VARIANCES
              GENIE_CO      GENIE_CO      GENIE_CO      GENIE_CO      GENIE_CO
              ________      ________      ________      ________      ________
                6.013         5.523         5.362         4.423         6.465


           Est./S.E. ESTIMATED RESIDUAL VARIANCES
              GENIE_CO
              ________
                6.099


           FACTOR STRUCTURE
                  1             2
              ________      ________
 GENIE_EF       0.665         0.663
 GENIE_EF       0.743         0.623
 GENIE_EF       0.838         0.637
 GENIE_EF       0.650         0.674
 GENIE_EF       0.820         0.662
 GENIE_EF       0.779         0.780
 GENIE_EF       0.727         0.564
 GENIE_PI       0.815         0.698
 GENIE_PI       0.490         0.715
 GENIE_PI       0.614         0.793
 GENIE_PI       0.758         0.605
 GENIE_PI       0.752         0.775
 GENIE_PI       0.634         0.741
 GENIE_PI       0.772         0.841
 GENIE_CO       0.675         0.690
 GENIE_CO       0.690         0.744
 GENIE_CO       0.548         0.720
 GENIE_CO       0.560         0.730
 GENIE_CO       0.680         0.841
 GENIE_CO       0.646         0.689
 GENIE_CO       0.650         0.730


EXPLORATORY FACTOR ANALYSIS WITH 3 FACTOR(S):


MODEL FIT INFORMATION

Number of Free Parameters                      102

Loglikelihood

          H0 Value                       -2476.750
          H1 Value                       -2372.928

Information Criteria

          Akaike (AIC)                    5157.499
          Bayesian (BIC)                  5416.916
          Sample-Size Adjusted BIC        5094.901
            (n* = (n + 2) / 24)

Chi-Square Test of Model Fit

          Value                            207.643
          Degrees of Freedom                   150
          P-Value                           0.0013

RMSEA (Root Mean Square Error Of Approximation)

          Estimate                           0.064
          90 Percent C.I.                    0.041  0.084
          Probability RMSEA <= .05           0.144

CFI/TLI

          CFI                                0.960
          TLI                                0.944

Chi-Square Test of Model Fit for the Baseline Model

          Value                           1647.621
          Degrees of Freedom                   210
          P-Value                           0.0000

SRMR (Standardized Root Mean Square Residual)

          Value                              0.036



MINIMUM ROTATION FUNCTION VALUE       0.26937



           QUARTIMIN ROTATED LOADINGS (* significant at 5% level)
                  1             2             3
              ________      ________      ________
 GENIE_EF       0.379*        0.411*       -0.081
 GENIE_EF       0.643*        0.112         0.044
 GENIE_EF       0.853*       -0.071         0.109
 GENIE_EF       0.332         0.559*       -0.310*
 GENIE_EF       0.769*        0.087        -0.044
 GENIE_EF       0.430*        0.409*        0.105
 GENIE_EF       0.760*        0.036        -0.155
 GENIE_PI       0.702*        0.184        -0.073
 GENIE_PI      -0.155         0.804*        0.084
 GENIE_PI      -0.024         0.868*       -0.098
 GENIE_PI       0.744*       -0.080         0.245
 GENIE_PI       0.373*        0.415*        0.176
 GENIE_PI       0.131         0.670*       -0.044
 GENIE_PI       0.283         0.658*       -0.056
 GENIE_CO       0.327         0.278         0.388*
 GENIE_CO       0.260         0.426         0.296
 GENIE_CO      -0.006         0.728*       -0.006
 GENIE_CO      -0.013         0.625*        0.280
 GENIE_CO       0.059         0.693*        0.262
 GENIE_CO       0.259         0.265         0.562*
 GENIE_CO       0.217         0.514*        0.119


           QUARTIMIN FACTOR CORRELATIONS (* significant at 5% level)
                  1             2             3
              ________      ________      ________
      1         1.000
      2         0.762*        1.000
      3         0.295         0.289         1.000


           ESTIMATED RESIDUAL VARIANCES
              GENIE_EF      GENIE_EF      GENIE_EF      GENIE_EF      GENIE_EF
              ________      ________      ________      ________      ________
                0.481         0.443         0.297         0.359         0.320


           ESTIMATED RESIDUAL VARIANCES
              GENIE_EF      GENIE_EF      GENIE_PI      GENIE_PI      GENIE_PI
              ________      ________      ________      ________      ________
                0.318         0.427         0.309         0.481         0.316


           ESTIMATED RESIDUAL VARIANCES
              GENIE_PI      GENIE_PI      GENIE_PI      GENIE_PI      GENIE_CO
              ________      ________      ________      ________      ________
                0.374         0.341         0.419         0.230         0.389


           ESTIMATED RESIDUAL VARIANCES
              GENIE_CO      GENIE_CO      GENIE_CO      GENIE_CO      GENIE_CO
              ________      ________      ________      ________      ________
                0.376         0.479         0.443         0.272         0.270


           ESTIMATED RESIDUAL VARIANCES
              GENIE_CO
              ________
                0.454


           S.E. QUARTIMIN ROTATED LOADINGS
                  1             2             3
              ________      ________      ________
 GENIE_EF       0.167         0.166         0.136
 GENIE_EF       0.139         0.149         0.121
 GENIE_EF       0.130         0.098         0.114
 GENIE_EF       0.193         0.223         0.126
 GENIE_EF       0.110         0.124         0.098
 GENIE_EF       0.148         0.140         0.144
 GENIE_EF       0.142         0.144         0.093
 GENIE_PI       0.127         0.143         0.105
 GENIE_PI       0.112         0.123         0.153
 GENIE_PI       0.111         0.099         0.132
 GENIE_PI       0.155         0.111         0.129
 GENIE_PI       0.155         0.162         0.153
 GENIE_PI       0.168         0.153         0.139
 GENIE_PI       0.151         0.138         0.138
 GENIE_CO       0.191         0.228         0.185
 GENIE_CO       0.159         0.218         0.172
 GENIE_CO       0.152         0.157         0.152
 GENIE_CO       0.126         0.261         0.189
 GENIE_CO       0.111         0.232         0.186
 GENIE_CO       0.144         0.297         0.195
 GENIE_CO       0.146         0.187         0.155


           S.E. QUARTIMIN FACTOR CORRELATIONS
                  1             2             3
              ________      ________      ________
      1         0.000
      2         0.064         0.000
      3         0.316         0.322         0.000


           S.E. ESTIMATED RESIDUAL VARIANCES
              GENIE_EF      GENIE_EF      GENIE_EF      GENIE_EF      GENIE_EF
              ________      ________      ________      ________      ________
                0.076         0.075         0.068         0.076         0.066


           S.E. ESTIMATED RESIDUAL VARIANCES
              GENIE_EF      GENIE_EF      GENIE_PI      GENIE_PI      GENIE_PI
              ________      ________      ________      ________      ________
                0.057         0.089         0.061         0.083         0.069


           S.E. ESTIMATED RESIDUAL VARIANCES
              GENIE_PI      GENIE_PI      GENIE_PI      GENIE_PI      GENIE_CO
              ________      ________      ________      ________      ________
                0.074         0.061         0.074         0.049         0.078


           S.E. ESTIMATED RESIDUAL VARIANCES
              GENIE_CO      GENIE_CO      GENIE_CO      GENIE_CO      GENIE_CO
              ________      ________      ________      ________      ________
                0.067         0.085         0.084         0.059         0.078


           S.E. ESTIMATED RESIDUAL VARIANCES
              GENIE_CO
              ________
                0.074


           Est./S.E. QUARTIMIN ROTATED LOADINGS
                  1             2             3
              ________      ________      ________
 GENIE_EF       2.272         2.477        -0.594
 GENIE_EF       4.617         0.755         0.363
 GENIE_EF       6.564        -0.723         0.954
 GENIE_EF       1.717         2.513        -2.467
 GENIE_EF       6.960         0.696        -0.452
 GENIE_EF       2.893         2.922         0.731
 GENIE_EF       5.337         0.252        -1.673
 GENIE_PI       5.520         1.285        -0.690
 GENIE_PI      -1.377         6.525         0.548
 GENIE_PI      -0.214         8.747        -0.743
 GENIE_PI       4.815        -0.722         1.900
 GENIE_PI       2.408         2.553         1.151
 GENIE_PI       0.779         4.369        -0.314
 GENIE_PI       1.879         4.758        -0.406
 GENIE_CO       1.713         1.220         2.099
 GENIE_CO       1.636         1.952         1.727
 GENIE_CO      -0.041         4.639        -0.041
 GENIE_CO      -0.099         2.398         1.479
 GENIE_CO       0.532         2.984         1.409
 GENIE_CO       1.795         0.895         2.881
 GENIE_CO       1.486         2.745         0.771


           Est./S.E. QUARTIMIN FACTOR CORRELATIONS
                  1             2             3
              ________      ________      ________
      1         0.000
      2        11.836         0.000
      3         0.933         0.900         0.000


           Est./S.E. ESTIMATED RESIDUAL VARIANCES
              GENIE_EF      GENIE_EF      GENIE_EF      GENIE_EF      GENIE_EF
              ________      ________      ________      ________      ________
                6.331         5.939         4.383         4.745         4.859


           Est./S.E. ESTIMATED RESIDUAL VARIANCES
              GENIE_EF      GENIE_EF      GENIE_PI      GENIE_PI      GENIE_PI
              ________      ________      ________      ________      ________
                5.569         4.819         5.088         5.765         4.595


           Est./S.E. ESTIMATED RESIDUAL VARIANCES
              GENIE_PI      GENIE_PI      GENIE_PI      GENIE_PI      GENIE_CO
              ________      ________      ________      ________      ________
                5.038         5.611         5.633         4.652         4.991


           Est./S.E. ESTIMATED RESIDUAL VARIANCES
              GENIE_CO      GENIE_CO      GENIE_CO      GENIE_CO      GENIE_CO
              ________      ________      ________      ________      ________
                5.576         5.630         5.295         4.610         3.460


           Est./S.E. ESTIMATED RESIDUAL VARIANCES
              GENIE_CO
              ________
                6.169


           FACTOR STRUCTURE
                  1             2             3
              ________      ________      ________
 GENIE_EF       0.668         0.676         0.150
 GENIE_EF       0.741         0.615         0.266
 GENIE_EF       0.831         0.610         0.340
 GENIE_EF       0.667         0.723        -0.050
 GENIE_EF       0.822         0.659         0.208
 GENIE_EF       0.772         0.767         0.350
 GENIE_EF       0.742         0.570         0.079
 GENIE_PI       0.821         0.698         0.188
 GENIE_PI       0.482         0.710         0.271
 GENIE_PI       0.608         0.821         0.146
 GENIE_PI       0.755         0.558         0.441
 GENIE_PI       0.741         0.750         0.406
 GENIE_PI       0.628         0.757         0.189
 GENIE_PI       0.768         0.858         0.218
 GENIE_CO       0.654         0.640         0.565
 GENIE_CO       0.672         0.710         0.496
 GENIE_CO       0.546         0.722         0.203
 GENIE_CO       0.546         0.697         0.457
 GENIE_CO       0.664         0.813         0.480
 GENIE_CO       0.627         0.625         0.715
 GENIE_CO       0.643         0.714         0.332


PLOT INFORMATION

The following plots are available:

  Eigenvalues for exploratory factor analysis

DIAGRAM INFORMATION

  Mplus diagrams are currently not available for EFA.
  No diagram output was produced.


     Beginning Time:  20:45:01
        Ending Time:  20:45:01
       Elapsed Time:  00:00:00



MUTHEN & MUTHEN
3463 Stoner Ave.
Los Angeles, CA  90066

Tel: (310) 391-9971
Fax: (310) 391-8971
Web: www.StatModel.com
Support: Support@StatModel.com

Copyright (c) 1998-2025 Muthen & Muthen
